[2026-07-24T06:07:32.922Z] {"timestamp":1784873250762,"level":"DEBUG","args":["[Manus] Debug collector initialized (no rrweb, UI events only)"],"stack":null}
[2026-07-24T06:07:32.922Z] {"timestamp":1784873250783,"level":"DEBUG","args":["[vite] connected."],"stack":null}
[2026-07-24T06:07:32.922Z] {"timestamp":1784873252522,"level":"INFO","args":["%cDownload the React DevTools for a better development experience: https://react.dev/link/react-devtools","font-weight:bold"],"stack":null}
[2026-07-24T06:25:53.847Z] {"timestamp":1784874351832,"level":"DEBUG","args":["[Manus] Debug collector initialized (no rrweb, UI events only)"],"stack":null}
[2026-07-24T06:25:53.847Z] {"timestamp":1784874351848,"level":"DEBUG","args":["[vite] connected."],"stack":null}
[2026-07-24T06:25:53.847Z] {"timestamp":1784874352002,"level":"INFO","args":["%cDownload the React DevTools for a better development experience: https://react.dev/link/react-devtools","font-weight:bold"],"stack":null}
[2026-07-24T07:12:40.305Z] {"timestamp":1784877159303,"level":"LOG","args":["[vite] server connection lost. Polling for restart..."],"stack":null}
[2026-07-24T07:12:42.815Z] {"timestamp":1784877160659,"level":"DEBUG","args":["[Manus] Debug collector initialized (no rrweb, UI events only)"],"stack":null}
[2026-07-24T07:12:42.815Z] {"timestamp":1784877160666,"level":"DEBUG","args":["[vite] connected."],"stack":null}
[2026-07-24T07:12:42.815Z] {"timestamp":1784877160743,"level":"INFO","args":["%cDownload the React DevTools for a better development experience: https://react.dev/link/react-devtools","font-weight:bold"],"stack":null}
[2026-07-24T07:13:46.665Z] {"timestamp":1784877224975,"level":"DEBUG","args":["[vite]","hot updated: /src/index.css"],"stack":null}
[2026-07-24T07:13:46.665Z] {"timestamp":1784877224976,"level":"DEBUG","args":["[vite]","hot updated: /src/components/StatisticsSection.tsx"],"stack":null}
[2026-07-24T07:13:46.665Z] {"timestamp":1784877224976,"level":"DEBUG","args":["[vite]","hot updated: /src/components/FacultyCoordinatorSection.tsx"],"stack":null}
[2026-07-24T07:13:46.665Z] {"timestamp":1784877224976,"level":"DEBUG","args":["[vite]","hot updated: /src/components/GallerySection.tsx"],"stack":null}
[2026-07-24T07:13:46.665Z] {"timestamp":1784877224976,"level":"DEBUG","args":["[vite]","hot updated: /src/components/FeaturesSection.tsx"],"stack":null}
[2026-07-24T07:13:46.665Z] {"timestamp":1784877224977,"level":"DEBUG","args":["[vite]","hot updated: /src/components/Header.tsx"],"stack":null}
[2026-07-24T07:13:46.665Z] {"timestamp":1784877224977,"level":"DEBUG","args":["[vite]","hot updated: /src/components/AboutSection.tsx"],"stack":null}
[2026-07-24T07:13:46.665Z] {"timestamp":1784877224977,"level":"DEBUG","args":["[vite]","hot updated: /src/components/ContactSection.tsx"],"stack":null}
[2026-07-24T07:13:46.665Z] {"timestamp":1784877224977,"level":"DEBUG","args":["[vite]","hot updated: /src/components/TestimonialsSection.tsx"],"stack":null}
[2026-07-24T07:13:46.665Z] {"timestamp":1784877224977,"level":"DEBUG","args":["[vite]","hot updated: /src/components/SponsorsSection.tsx"],"stack":null}
[2026-07-24T07:13:46.665Z] {"timestamp":1784877224977,"level":"DEBUG","args":["[vite]","hot updated: /src/components/PartnersSection.tsx"],"stack":null}
[2026-07-24T07:13:46.665Z] {"timestamp":1784877224978,"level":"DEBUG","args":["[vite]","hot updated: /src/components/EventsSection.tsx"],"stack":null}
[2026-07-24T07:13:46.665Z] {"timestamp":1784877224978,"level":"DEBUG","args":["[vite]","hot updated: /src/components/Footer.tsx"],"stack":null}
[2026-07-24T07:13:46.665Z] {"timestamp":1784877224978,"level":"DEBUG","args":["[vite]","hot updated: /src/components/FAQSection.tsx"],"stack":null}
[2026-07-24T07:13:46.665Z] {"timestamp":1784877224978,"level":"DEBUG","args":["[vite]","hot updated: /src/components/TeamSection.tsx"],"stack":null}
[2026-07-24T07:13:46.665Z] {"timestamp":1784877224978,"level":"DEBUG","args":["[vite]","hot updated: /src/components/AchievementsSection.tsx"],"stack":null}
[2026-07-24T07:13:46.665Z] {"timestamp":1784877224978,"level":"DEBUG","args":["[vite]","hot updated: /src/components/HeroSection.tsx"],"stack":null}
[2026-07-24T07:13:46.665Z] {"timestamp":1784877225385,"level":"DEBUG","args":["[vite]","hot updated: /src/index.css"],"stack":null}
[2026-07-24T07:13:46.665Z] {"timestamp":1784877225385,"level":"DEBUG","args":["[vite]","hot updated: /src/components/StatisticsSection.tsx"],"stack":null}
[2026-07-24T07:13:46.665Z] {"timestamp":1784877225385,"level":"DEBUG","args":["[vite]","hot updated: /src/components/FacultyCoordinatorSection.tsx"],"stack":null}
[2026-07-24T07:13:46.665Z] {"timestamp":1784877225385,"level":"DEBUG","args":["[vite]","hot updated: /src/components/GallerySection.tsx"],"stack":null}
[2026-07-24T07:13:46.665Z] {"timestamp":1784877225386,"level":"DEBUG","args":["[vite]","hot updated: /src/components/FeaturesSection.tsx"],"stack":null}
[2026-07-24T07:13:46.665Z] {"timestamp":1784877225386,"level":"DEBUG","args":["[vite]","hot updated: /src/components/Header.tsx"],"stack":null}
[2026-07-24T07:13:46.665Z] {"timestamp":1784877225386,"level":"DEBUG","args":["[vite]","hot updated: /src/components/AboutSection.tsx"],"stack":null}
[2026-07-24T07:13:46.665Z] {"timestamp":1784877225386,"level":"DEBUG","args":["[vite]","hot updated: /src/components/ContactSection.tsx"],"stack":null}
[2026-07-24T07:13:46.665Z] {"timestamp":1784877225386,"level":"DEBUG","args":["[vite]","hot updated: /src/components/TestimonialsSection.tsx"],"stack":null}
[2026-07-24T07:13:46.665Z] {"timestamp":1784877225386,"level":"DEBUG","args":["[vite]","hot updated: /src/components/SponsorsSection.tsx"],"stack":null}
[2026-07-24T07:13:46.665Z] {"timestamp":1784877225386,"level":"DEBUG","args":["[vite]","hot updated: /src/components/PartnersSection.tsx"],"stack":null}
[2026-07-24T07:13:46.665Z] {"timestamp":1784877225386,"level":"DEBUG","args":["[vite]","hot updated: /src/components/EventsSection.tsx"],"stack":null}
[2026-07-24T07:13:46.665Z] {"timestamp":1784877225386,"level":"DEBUG","args":["[vite]","hot updated: /src/components/Footer.tsx"],"stack":null}
[2026-07-24T07:13:46.665Z] {"timestamp":1784877225386,"level":"DEBUG","args":["[vite]","hot updated: /src/components/FAQSection.tsx"],"stack":null}
[2026-07-24T07:13:46.665Z] {"timestamp":1784877225386,"level":"DEBUG","args":["[vite]","hot updated: /src/components/TeamSection.tsx"],"stack":null}
[2026-07-24T07:13:46.665Z] {"timestamp":1784877225386,"level":"DEBUG","args":["[vite]","hot updated: /src/components/AchievementsSection.tsx"],"stack":null}
[2026-07-24T07:13:46.665Z] {"timestamp":1784877225386,"level":"DEBUG","args":["[vite]","hot updated: /src/components/HeroSection.tsx"],"stack":null}
[2026-07-24T07:14:38.212Z] {"timestamp":1784877276194,"level":"DEBUG","args":["[Manus] Debug collector initialized (no rrweb, UI events only)"],"stack":null}
[2026-07-24T07:14:38.212Z] {"timestamp":1784877276200,"level":"DEBUG","args":["[vite] connected."],"stack":null}
[2026-07-24T07:14:38.212Z] {"timestamp":1784877276343,"level":"INFO","args":["%cDownload the React DevTools for a better development experience: https://react.dev/link/react-devtools","font-weight:bold"],"stack":null}
[2026-07-24T07:20:54.749Z] {"timestamp":1784877654679,"level":"LOG","args":["[vite] server connection lost. Polling for restart..."],"stack":null}
[2026-07-24T07:20:55.073Z] {"timestamp":1784877654681,"level":"LOG","args":["[vite] server connection lost. Polling for restart..."],"stack":null}
[2026-07-24T07:20:56.943Z] {"timestamp":1784877654917,"level":"DEBUG","args":["[Manus] Debug collector initialized (no rrweb, UI events only)"],"stack":null}
[2026-07-24T07:20:56.943Z] {"timestamp":1784877654926,"level":"DEBUG","args":["[vite] connected."],"stack":null}
[2026-07-24T07:20:56.943Z] {"timestamp":1784877655124,"level":"INFO","args":["%cDownload the React DevTools for a better development experience: https://react.dev/link/react-devtools","font-weight:bold"],"stack":null}
[2026-07-24T07:20:57.820Z] {"timestamp":1784877655251,"level":"DEBUG","args":["[Manus] Debug collector initialized (no rrweb, UI events only)"],"stack":null}
[2026-07-24T07:20:57.820Z] {"timestamp":1784877655256,"level":"DEBUG","args":["[vite] connected."],"stack":null}
[2026-07-24T07:20:57.820Z] {"timestamp":1784877655572,"level":"INFO","args":["%cDownload the React DevTools for a better development experience: https://react.dev/link/react-devtools","font-weight:bold"],"stack":null}
[2026-07-24T09:19:36.024Z] {"timestamp":1784884773941,"level":"LOG","args":["[vite] server connection lost. Polling for restart..."],"stack":null}
[2026-07-24T09:19:36.539Z] {"timestamp":1784884773941,"level":"LOG","args":["[vite] server connection lost. Polling for restart..."],"stack":null}
[2026-07-24T09:19:39.826Z] {"timestamp":1784884777484,"level":"DEBUG","args":["[Manus] Debug collector initialized (no rrweb, UI events only)"],"stack":null}
[2026-07-24T09:19:39.826Z] {"timestamp":1784884777488,"level":"DEBUG","args":["[vite] connected."],"stack":null}
[2026-07-24T09:19:39.826Z] {"timestamp":1784884777555,"level":"INFO","args":["%cDownload the React DevTools for a better development experience: https://react.dev/link/react-devtools","font-weight:bold"],"stack":null}
[2026-07-24T09:19:39.830Z] {"timestamp":1784884777383,"level":"DEBUG","args":["[Manus] Debug collector initialized (no rrweb, UI events only)"],"stack":null}
[2026-07-24T09:19:39.830Z] {"timestamp":1784884777385,"level":"DEBUG","args":["[vite] connected."],"stack":null}
[2026-07-24T09:19:39.830Z] {"timestamp":1784884777516,"level":"INFO","args":["%cDownload the React DevTools for a better development experience: https://react.dev/link/react-devtools","font-weight:bold"],"stack":null}
[2026-07-24T09:34:19.493Z] {"timestamp":1784885658999,"level":"DEBUG","args":["[vite]","hot updated: /src/index.css"],"stack":null}
[2026-07-24T09:34:19.493Z] {"timestamp":1784885659000,"level":"DEBUG","args":["[vite]","hot updated: /src/components/StatisticsSection.tsx"],"stack":null}
[2026-07-24T09:34:19.493Z] {"timestamp":1784885659000,"level":"DEBUG","args":["[vite]","hot updated: /src/components/FacultyCoordinatorSection.tsx"],"stack":null}
[2026-07-24T09:34:19.493Z] {"timestamp":1784885659000,"level":"DEBUG","args":["[vite]","hot updated: /src/components/GallerySection.tsx"],"stack":null}
[2026-07-24T09:34:19.493Z] {"timestamp":1784885659000,"level":"DEBUG","args":["[vite]","hot updated: /src/components/FeaturesSection.tsx"],"stack":null}
[2026-07-24T09:34:19.493Z] {"timestamp":1784885659001,"level":"DEBUG","args":["[vite]","hot updated: /src/components/Header.tsx"],"stack":null}
[2026-07-24T09:34:19.493Z] {"timestamp":1784885659001,"level":"DEBUG","args":["[vite]","hot updated: /src/components/AboutSection.tsx"],"stack":null}
[2026-07-24T09:34:19.493Z] {"timestamp":1784885659001,"level":"DEBUG","args":["[vite]","hot updated: /src/components/ContactSection.tsx"],"stack":null}
[2026-07-24T09:34:19.493Z] {"timestamp":1784885659001,"level":"DEBUG","args":["[vite]","hot updated: /src/components/TestimonialsSection.tsx"],"stack":null}
[2026-07-24T09:34:19.493Z] {"timestamp":1784885659002,"level":"DEBUG","args":["[vite]","hot updated: /src/components/SponsorsSection.tsx"],"stack":null}
[2026-07-24T09:34:19.493Z] {"timestamp":1784885659002,"level":"DEBUG","args":["[vite]","hot updated: /src/components/PartnersSection.tsx"],"stack":null}
[2026-07-24T09:34:19.493Z] {"timestamp":1784885659002,"level":"DEBUG","args":["[vite]","hot updated: /src/components/EventsSection.tsx"],"stack":null}
[2026-07-24T09:34:19.493Z] {"timestamp":1784885659003,"level":"DEBUG","args":["[vite]","hot updated: /src/components/Footer.tsx"],"stack":null}
[2026-07-24T09:34:19.493Z] {"timestamp":1784885659003,"level":"DEBUG","args":["[vite]","hot updated: /src/components/FAQSection.tsx"],"stack":null}
[2026-07-24T09:34:19.493Z] {"timestamp":1784885659003,"level":"DEBUG","args":["[vite]","hot updated: /src/components/TeamSection.tsx"],"stack":null}
[2026-07-24T09:34:19.493Z] {"timestamp":1784885659003,"level":"DEBUG","args":["[vite]","hot updated: /src/components/AchievementsSection.tsx"],"stack":null}
[2026-07-24T09:34:19.493Z] {"timestamp":1784885659003,"level":"DEBUG","args":["[vite]","hot updated: /src/components/HeroSection.tsx"],"stack":null}
[2026-07-24T09:34:26.818Z] {"timestamp":1784885659105,"level":"DEBUG","args":["[vite]","hot updated: /src/index.css"],"stack":null}
[2026-07-24T09:34:26.818Z] {"timestamp":1784885659107,"level":"DEBUG","args":["[vite]","hot updated: /src/components/StatisticsSection.tsx"],"stack":null}
[2026-07-24T09:34:26.818Z] {"timestamp":1784885659107,"level":"DEBUG","args":["[vite]","hot updated: /src/components/FacultyCoordinatorSection.tsx"],"stack":null}
[2026-07-24T09:34:26.818Z] {"timestamp":1784885659108,"level":"DEBUG","args":["[vite]","hot updated: /src/components/GallerySection.tsx"],"stack":null}
[2026-07-24T09:34:26.818Z] {"timestamp":1784885659108,"level":"DEBUG","args":["[vite]","hot updated: /src/components/FeaturesSection.tsx"],"stack":null}
[2026-07-24T09:34:26.818Z] {"timestamp":1784885659108,"level":"DEBUG","args":["[vite]","hot updated: /src/components/Header.tsx"],"stack":null}
[2026-07-24T09:34:26.818Z] {"timestamp":1784885659109,"level":"DEBUG","args":["[vite]","hot updated: /src/components/AboutSection.tsx"],"stack":null}
[2026-07-24T09:34:26.818Z] {"timestamp":1784885659109,"level":"DEBUG","args":["[vite]","hot updated: /src/components/ContactSection.tsx"],"stack":null}
[2026-07-24T09:34:26.818Z] {"timestamp":1784885659109,"level":"DEBUG","args":["[vite]","hot updated: /src/components/TestimonialsSection.tsx"],"stack":null}
[2026-07-24T09:34:26.818Z] {"timestamp":1784885659110,"level":"DEBUG","args":["[vite]","hot updated: /src/components/SponsorsSection.tsx"],"stack":null}
[2026-07-24T09:34:26.818Z] {"timestamp":1784885659110,"level":"DEBUG","args":["[vite]","hot updated: /src/components/PartnersSection.tsx"],"stack":null}
[2026-07-24T09:34:26.818Z] {"timestamp":1784885659110,"level":"DEBUG","args":["[vite]","hot updated: /src/components/EventsSection.tsx"],"stack":null}
[2026-07-24T09:34:26.818Z] {"timestamp":1784885659110,"level":"DEBUG","args":["[vite]","hot updated: /src/components/Footer.tsx"],"stack":null}
[2026-07-24T09:34:26.818Z] {"timestamp":1784885659111,"level":"DEBUG","args":["[vite]","hot updated: /src/components/FAQSection.tsx"],"stack":null}
[2026-07-24T09:34:26.818Z] {"timestamp":1784885659111,"level":"DEBUG","args":["[vite]","hot updated: /src/components/TeamSection.tsx"],"stack":null}
[2026-07-24T09:34:26.818Z] {"timestamp":1784885659111,"level":"DEBUG","args":["[vite]","hot updated: /src/components/AchievementsSection.tsx"],"stack":null}
[2026-07-24T09:34:26.818Z] {"timestamp":1784885659111,"level":"DEBUG","args":["[vite]","hot updated: /src/components/HeroSection.tsx"],"stack":null}
[2026-07-24T09:40:21.403Z] {"timestamp":1784886019396,"level":"DEBUG","args":["[Manus] Debug collector initialized (no rrweb, UI events only)"],"stack":null}
[2026-07-24T09:40:21.403Z] {"timestamp":1784886019399,"level":"DEBUG","args":["[vite] connected."],"stack":null}
[2026-07-24T09:40:21.403Z] {"timestamp":1784886019448,"level":"INFO","args":["%cDownload the React DevTools for a better development experience: https://react.dev/link/react-devtools","font-weight:bold"],"stack":null}
[2026-07-24T09:43:13.984Z] {"timestamp":1784886193014,"level":"DEBUG","args":["[vite]","hot updated: /src/index.css"],"stack":null}
[2026-07-24T09:43:13.984Z] {"timestamp":1784886193015,"level":"DEBUG","args":["[vite]","hot updated: /src/components/StatisticsSection.tsx"],"stack":null}
[2026-07-24T09:43:13.984Z] {"timestamp":1784886193015,"level":"DEBUG","args":["[vite]","hot updated: /src/components/FacultyCoordinatorSection.tsx"],"stack":null}
[2026-07-24T09:43:13.984Z] {"timestamp":1784886193015,"level":"DEBUG","args":["[vite]","hot updated: /src/components/GallerySection.tsx"],"stack":null}
[2026-07-24T09:43:13.984Z] {"timestamp":1784886193016,"level":"DEBUG","args":["[vite]","hot updated: /src/components/FeaturesSection.tsx"],"stack":null}
[2026-07-24T09:43:13.984Z] {"timestamp":1784886193016,"level":"DEBUG","args":["[vite]","hot updated: /src/components/Header.tsx"],"stack":null}
[2026-07-24T09:43:13.984Z] {"timestamp":1784886193016,"level":"DEBUG","args":["[vite]","hot updated: /src/components/AboutSection.tsx"],"stack":null}
[2026-07-24T09:43:13.984Z] {"timestamp":1784886193016,"level":"DEBUG","args":["[vite]","hot updated: /src/components/ContactSection.tsx"],"stack":null}
[2026-07-24T09:43:13.984Z] {"timestamp":1784886193016,"level":"DEBUG","args":["[vite]","hot updated: /src/components/TestimonialsSection.tsx"],"stack":null}
[2026-07-24T09:43:13.984Z] {"timestamp":1784886193016,"level":"DEBUG","args":["[vite]","hot updated: /src/components/SponsorsSection.tsx"],"stack":null}
[2026-07-24T09:43:13.984Z] {"timestamp":1784886193016,"level":"DEBUG","args":["[vite]","hot updated: /src/components/PartnersSection.tsx"],"stack":null}
[2026-07-24T09:43:13.984Z] {"timestamp":1784886193017,"level":"DEBUG","args":["[vite]","hot updated: /src/components/EventsSection.tsx"],"stack":null}
[2026-07-24T09:43:13.984Z] {"timestamp":1784886193017,"level":"DEBUG","args":["[vite]","hot updated: /src/components/Footer.tsx"],"stack":null}
[2026-07-24T09:43:13.984Z] {"timestamp":1784886193017,"level":"DEBUG","args":["[vite]","hot updated: /src/components/FAQSection.tsx"],"stack":null}
[2026-07-24T09:43:13.984Z] {"timestamp":1784886193017,"level":"DEBUG","args":["[vite]","hot updated: /src/components/TeamSection.tsx"],"stack":null}
[2026-07-24T09:43:13.984Z] {"timestamp":1784886193017,"level":"DEBUG","args":["[vite]","hot updated: /src/components/AchievementsSection.tsx"],"stack":null}
[2026-07-24T09:43:13.984Z] {"timestamp":1784886193018,"level":"DEBUG","args":["[vite]","hot updated: /src/components/HeroSection.tsx"],"stack":null}
[2026-07-24T09:43:26.828Z] {"timestamp":1784886193015,"level":"DEBUG","args":["[vite]","hot updated: /src/index.css"],"stack":null}
[2026-07-24T09:43:26.828Z] {"timestamp":1784886193015,"level":"DEBUG","args":["[vite]","hot updated: /src/components/StatisticsSection.tsx"],"stack":null}
[2026-07-24T09:43:26.828Z] {"timestamp":1784886193016,"level":"DEBUG","args":["[vite]","hot updated: /src/components/FacultyCoordinatorSection.tsx"],"stack":null}
[2026-07-24T09:43:26.828Z] {"timestamp":1784886193016,"level":"DEBUG","args":["[vite]","hot updated: /src/components/GallerySection.tsx"],"stack":null}
[2026-07-24T09:43:26.828Z] {"timestamp":1784886193016,"level":"DEBUG","args":["[vite]","hot updated: /src/components/FeaturesSection.tsx"],"stack":null}
[2026-07-24T09:43:26.828Z] {"timestamp":1784886193016,"level":"DEBUG","args":["[vite]","hot updated: /src/components/Header.tsx"],"stack":null}
[2026-07-24T09:43:26.828Z] {"timestamp":1784886193017,"level":"DEBUG","args":["[vite]","hot updated: /src/components/AboutSection.tsx"],"stack":null}
[2026-07-24T09:43:26.828Z] {"timestamp":1784886193017,"level":"DEBUG","args":["[vite]","hot updated: /src/components/ContactSection.tsx"],"stack":null}
[2026-07-24T09:43:26.828Z] {"timestamp":1784886193017,"level":"DEBUG","args":["[vite]","hot updated: /src/components/TestimonialsSection.tsx"],"stack":null}
[2026-07-24T09:43:26.828Z] {"timestamp":1784886193017,"level":"DEBUG","args":["[vite]","hot updated: /src/components/SponsorsSection.tsx"],"stack":null}
[2026-07-24T09:43:26.828Z] {"timestamp":1784886193017,"level":"DEBUG","args":["[vite]","hot updated: /src/components/PartnersSection.tsx"],"stack":null}
[2026-07-24T09:43:26.828Z] {"timestamp":1784886193017,"level":"DEBUG","args":["[vite]","hot updated: /src/components/EventsSection.tsx"],"stack":null}
[2026-07-24T09:43:26.828Z] {"timestamp":1784886193017,"level":"DEBUG","args":["[vite]","hot updated: /src/components/Footer.tsx"],"stack":null}
[2026-07-24T09:43:26.828Z] {"timestamp":1784886193018,"level":"DEBUG","args":["[vite]","hot updated: /src/components/FAQSection.tsx"],"stack":null}
[2026-07-24T09:43:26.828Z] {"timestamp":1784886193018,"level":"DEBUG","args":["[vite]","hot updated: /src/components/TeamSection.tsx"],"stack":null}
[2026-07-24T09:43:26.828Z] {"timestamp":1784886193018,"level":"DEBUG","args":["[vite]","hot updated: /src/components/AchievementsSection.tsx"],"stack":null}
[2026-07-24T09:43:26.828Z] {"timestamp":1784886193018,"level":"DEBUG","args":["[vite]","hot updated: /src/components/HeroSection.tsx"],"stack":null}
[2026-07-24T09:49:21.684Z] {"timestamp":1784886561325,"level":"DEBUG","args":["[vite]","hot updated: /src/index.css"],"stack":null}
[2026-07-24T09:49:21.684Z] {"timestamp":1784886561325,"level":"DEBUG","args":["[vite]","hot updated: /src/components/TeamSection.tsx"],"stack":null}
[2026-07-24T09:49:21.684Z] {"timestamp":1784886561412,"level":"ERROR","args":["Invalid hook call. Hooks can only be called inside of the body of a function component. This could happen for one of the following reasons:\n1. You might have mismatching versions of React and the renderer (such as React DOM)\n2. You might be breaking the Rules of Hooks\n3. You might have more than one copy of React in the same app\nSee https://react.dev/link/invalid-hook-call for tips about how to debug and fix this problem."],"stack":"Error\n    at console.<computed> [as error] (http://localhost:3000/__manus__/debug-collector.js:391:37)\n    at resolveDispatcher (http://localhost:3000/@fs/C:/Users/subhc/Downloads/gfg-student-chapter-redesigned/node_modules/.vite/deps/chunk-IKHJ3LZN.js?v=ebf17c44:392:40)\n    at exports.useRef (http://localhost:3000/@fs/C:/Users/subhc/Downloads/gfg-student-chapter-redesigned/node_modules/.vite/deps/chunk-IKHJ3LZN.js?v=ebf17c44:956:16)\n    at Dialog (http://localhost:3000/@fs/C:/Users/subhc/Downloads/gfg-student-chapter-redesigned/node_modules/.vite/deps/@radix-ui_react-dialog.js?v=754967e1:1172:30)\n    at Object.react_stack_bottom_frame (http://localhost:3000/@fs/C:/Users/subhc/Downloads/gfg-student-chapter-redesigned/node_modules/.vite/deps/react-dom_client.js?v=105ac7a2:18509:20)\n    at renderWithHooks (http://localhost:3000/@fs/C:/Users/subhc/Downloads/gfg-student-chapter-redesigned/node_modules/.vite/deps/react-dom_client.js?v=105ac7a2:5654:24)\n    at updateFunctionComponent (http://localhost:3000/@fs/C:/Users/subhc/Downloads/gfg-student-chapter-redesigned/node_modules/.vite/deps/react-dom_client.js?v=105ac7a2:7475:21)\n    at beginWork (http://localhost:3000/@fs/C:/Users/subhc/Downloads/gfg-student-chapter-redesigned/node_modules/.vite/deps/react-dom_client.js?v=105ac7a2:8525:20)\n    at runWithFiberInDEV (http://localhost:3000/@fs/C:/Users/subhc/Downloads/gfg-student-chapter-redesigned/node_modules/.vite/deps/react-dom_client.js?v=105ac7a2:997:72)\n    at performUnitOfWork (http://localhost:3000/@fs/C:/Users/subhc/Downloads/gfg-student-chapter-redesigned/node_modules/.vite/deps/react-dom_client.js?v=105ac7a2:12561:98)"}
[2026-07-24T09:49:21.684Z] {"timestamp":1784886561524,"level":"ERROR","args":["Invalid hook call. Hooks can only be called inside of the body of a function component. This could happen for one of the following reasons:\n1. You might have mismatching versions of React and the renderer (such as React DOM)\n2. You might be breaking the Rules of Hooks\n3. You might have more than one copy of React in the same app\nSee https://react.dev/link/invalid-hook-call for tips about how to debug and fix this problem."],"stack":"Error\n    at console.<computed> [as error] (http://localhost:3000/__manus__/debug-collector.js:391:37)\n    at resolveDispatcher (http://localhost:3000/@fs/C:/Users/subhc/Downloads/gfg-student-chapter-redesigned/node_modules/.vite/deps/chunk-IKHJ3LZN.js?v=ebf17c44:392:40)\n    at exports.useRef (http://localhost:3000/@fs/C:/Users/subhc/Downloads/gfg-student-chapter-redesigned/node_modules/.vite/deps/chunk-IKHJ3LZN.js?v=ebf17c44:956:16)\n    at Dialog (http://localhost:3000/@fs/C:/Users/subhc/Downloads/gfg-student-chapter-redesigned/node_modules/.vite/deps/@radix-ui_react-dialog.js?v=754967e1:1172:30)\n    at Object.react_stack_bottom_frame (http://localhost:3000/@fs/C:/Users/subhc/Downloads/gfg-student-chapter-redesigned/node_modules/.vite/deps/react-dom_client.js?v=105ac7a2:18509:20)\n    at renderWithHooks (http://localhost:3000/@fs/C:/Users/subhc/Downloads/gfg-student-chapter-redesigned/node_modules/.vite/deps/react-dom_client.js?v=105ac7a2:5654:24)\n    at updateFunctionComponent (http://localhost:3000/@fs/C:/Users/subhc/Downloads/gfg-student-chapter-redesigned/node_modules/.vite/deps/react-dom_client.js?v=105ac7a2:7475:21)\n    at beginWork (http://localhost:3000/@fs/C:/Users/subhc/Downloads/gfg-student-chapter-redesigned/node_modules/.vite/deps/react-dom_client.js?v=105ac7a2:8525:20)\n    at runWithFiberInDEV (http://localhost:3000/@fs/C:/Users/subhc/Downloads/gfg-student-chapter-redesigned/node_modules/.vite/deps/react-dom_client.js?v=105ac7a2:997:72)\n    at performUnitOfWork (http://localhost:3000/@fs/C:/Users/subhc/Downloads/gfg-student-chapter-redesigned/node_modules/.vite/deps/react-dom_client.js?v=105ac7a2:12561:98)"}
[2026-07-24T09:49:21.684Z] {"timestamp":1784886561550,"level":"ERROR","args":["%o\n\n%s\n\n%s\n",{"type":"Error","message":"Cannot read properties of null (reading 'useRef')","stack":"TypeError: Cannot read properties of null (reading 'useRef')\n    at exports.useRef (http://localhost:3000/@fs/C:/Users/subhc/Downloads/gfg-student-chapter-redesigned/node_modules/.vite/deps/chunk-IKHJ3LZN.js?v=ebf17c44:956:35)\n    at Dialog (http://localhost:3000/@fs/C:/Users/subhc/Downloads/gfg-student-chapter-redesigned/node_modules/.vite/deps/@radix-ui_react-dialog.js?v=754967e1:1172:30)\n    at Object.react_stack_bottom_frame (http://localhost:3000/@fs/C:/Users/subhc/Downloads/gfg-student-chapter-redesigned/node_modules/.vite/deps/react-dom_client.js?v=105ac7a2:18509:20)\n    at renderWithHooks (http://localhost:3000/@fs/C:/Users/subhc/Downloads/gfg-student-chapter-redesigned/node_modules/.vite/deps/react-dom_client.js?v=105ac7a2:5654:24)\n    at updateFunctionComponent (http://localhost:3000/@fs/C:/Users/subhc/Downloads/gfg-student-chapter-redesigned/node_modules/.vite/deps/react-dom_client.js?v=105ac7a2:7475:21)\n    at beginWork (http://localhost:3000/@fs/C:/Users/subhc/Downloads/gfg-student-chapter-redesigned/node_modules/.vite/deps/react-dom_client.js?v=105ac7a2:8525:20)\n    at runWithFiberInDEV (http://localhost:3000/@fs/C:/Users/subhc/Downloads/gfg-student-chapter-redesigned/node_modules/.vite/deps/react-dom_client.js?v=105ac7a2:997:72)\n    at performUnitOfWork (http://localhost:3000/@fs/C:/Users/subhc/Downloads/gfg-student-chapter-redesigned/node_modules/.vite/deps/react-dom_client.js?v=105ac7a2:12561:98)\n    at workLoopSync (http://localhost:3000/@fs/C:/Users/subhc/Downloads/gfg-student-chapter-redesigned/node_modules/.vite/deps/react-dom_client.js?v=105ac7a2:12424:43)\n    at renderRootSync (http://localhost:3000/@fs/C:/Users/subhc/Downloads/gfg-student-chapter-redesigned/node_modules/.vite/deps/react-dom_client.js?v=105ac7a2:12408:13)"},"The above error occurred in the <Dialog> component.","React will try to recreate this component tree from scratch using the error boundary you provided, ErrorBoundary."],"stack":"Error\n    at console.<computed> [as error] (http://localhost:3000/__manus__/debug-collector.js:391:37)\n    at defaultOnCaughtError (http://localhost:3000/@fs/C:/Users/subhc/Downloads/gfg-student-chapter-redesigned/node_modules/.vite/deps/react-dom_client.js?v=105ac7a2:7001:19)\n    at logCaughtError (http://localhost:3000/@fs/C:/Users/subhc/Downloads/gfg-student-chapter-redesigned/node_modules/.vite/deps/react-dom_client.js?v=105ac7a2:7033:11)\n    at runWithFiberInDEV (http://localhost:3000/@fs/C:/Users/subhc/Downloads/gfg-student-chapter-redesigned/node_modules/.vite/deps/react-dom_client.js?v=105ac7a2:997:72)\n    at update.callback (http://localhost:3000/@fs/C:/Users/subhc/Downloads/gfg-student-chapter-redesigned/node_modules/.vite/deps/react-dom_client.js?v=105ac7a2:7066:13)\n    at callCallback (http://localhost:3000/@fs/C:/Users/subhc/Downloads/gfg-student-chapter-redesigned/node_modules/.vite/deps/react-dom_client.js?v=105ac7a2:5491:18)\n    at commitCallbacks (http://localhost:3000/@fs/C:/Users/subhc/Downloads/gfg-student-chapter-redesigned/node_modules/.vite/deps/react-dom_client.js?v=105ac7a2:5503:13)\n    at runWithFiberInDEV (http://localhost:3000/@fs/C:/Users/subhc/Downloads/gfg-student-chapter-redesigned/node_modules/.vite/deps/react-dom_client.js?v=105ac7a2:997:72)\n    at commitClassCallbacks (http://localhost:3000/@fs/C:/Users/subhc/Downloads/gfg-student-chapter-redesigned/node_modules/.vite/deps/react-dom_client.js?v=105ac7a2:9490:13)\n    at commitLayoutEffectOnFiber (http://localhost:3000/@fs/C:/Users/subhc/Downloads/gfg-student-chapter-redesigned/node_modules/.vite/deps/react-dom_client.js?v=105ac7a2:9958:27)"}
[2026-07-24T09:49:21.859Z] {"timestamp":1784886561824,"level":"DEBUG","args":["[vite]","hot updated: /src/index.css"],"stack":null}
[2026-07-24T09:49:21.859Z] {"timestamp":1784886561825,"level":"DEBUG","args":["[vite]","hot updated: /src/components/TeamSection.tsx"],"stack":null}
[2026-07-24T09:49:23.080Z] {"timestamp":1784886561441,"level":"DEBUG","args":["[vite]","hot updated: /src/index.css"],"stack":null}
[2026-07-24T09:49:23.080Z] {"timestamp":1784886561441,"level":"DEBUG","args":["[vite]","hot updated: /src/components/TeamSection.tsx"],"stack":null}
[2026-07-24T09:49:23.080Z] {"timestamp":1784886561883,"level":"DEBUG","args":["[vite]","hot updated: /src/index.css"],"stack":null}
[2026-07-24T09:49:23.080Z] {"timestamp":1784886561883,"level":"DEBUG","args":["[vite]","hot updated: /src/components/TeamSection.tsx"],"stack":null}
[2026-07-24T09:49:23.080Z] {"timestamp":1784886562823,"level":"ERROR","args":["Invalid hook call. Hooks can only be called inside of the body of a function component. This could happen for one of the following reasons:\n1. You might have mismatching versions of React and the renderer (such as React DOM)\n2. You might be breaking the Rules of Hooks\n3. You might have more than one copy of React in the same app\nSee https://react.dev/link/invalid-hook-call for tips about how to debug and fix this problem."],"stack":"Error\n    at console.<computed> [as error] (http://localhost:3000/__manus__/debug-collector.js:391:37)\n    at resolveDispatcher (http://localhost:3000/@fs/C:/Users/subhc/Downloads/gfg-student-chapter-redesigned/node_modules/.vite/deps/chunk-IKHJ3LZN.js?v=ebf17c44:392:40)\n    at exports.useState (http://localhost:3000/@fs/C:/Users/subhc/Downloads/gfg-student-chapter-redesigned/node_modules/.vite/deps/chunk-IKHJ3LZN.js?v=ebf17c44:959:16)\n    at TeamSection (http://localhost:3000/src/components/TeamSection.tsx?t=1784886538235:11:47)\n    at Object.react_stack_bottom_frame (http://localhost:3000/@fs/C:/Users/subhc/Downloads/gfg-student-chapter-redesigned/node_modules/.vite/deps/react-dom_client.js?v=105ac7a2:18509:20)\n    at renderWithHooks (http://localhost:3000/@fs/C:/Users/subhc/Downloads/gfg-student-chapter-redesigned/node_modules/.vite/deps/react-dom_client.js?v=105ac7a2:5654:24)\n    at updateFunctionComponent (http://localhost:3000/@fs/C:/Users/subhc/Downloads/gfg-student-chapter-redesigned/node_modules/.vite/deps/react-dom_client.js?v=105ac7a2:7475:21)\n    at beginWork (http://localhost:3000/@fs/C:/Users/subhc/Downloads/gfg-student-chapter-redesigned/node_modules/.vite/deps/react-dom_client.js?v=105ac7a2:8525:20)\n    at runWithFiberInDEV (http://localhost:3000/@fs/C:/Users/subhc/Downloads/gfg-student-chapter-redesigned/node_modules/.vite/deps/react-dom_client.js?v=105ac7a2:997:72)\n    at performUnitOfWork (http://localhost:3000/@fs/C:/Users/subhc/Downloads/gfg-student-chapter-redesigned/node_modules/.vite/deps/react-dom_client.js?v=105ac7a2:12561:98)"}
[2026-07-24T09:49:23.080Z] {"timestamp":1784886562878,"level":"ERROR","args":["Invalid hook call. Hooks can only be called inside of the body of a function component. This could happen for one of the following reasons:\n1. You might have mismatching versions of React and the renderer (such as React DOM)\n2. You might be breaking the Rules of Hooks\n3. You might have more than one copy of React in the same app\nSee https://react.dev/link/invalid-hook-call for tips about how to debug and fix this problem."],"stack":"Error\n    at console.<computed> [as error] (http://localhost:3000/__manus__/debug-collector.js:391:37)\n    at resolveDispatcher (http://localhost:3000/@fs/C:/Users/subhc/Downloads/gfg-student-chapter-redesigned/node_modules/.vite/deps/chunk-IKHJ3LZN.js?v=ebf17c44:392:40)\n    at exports.useState (http://localhost:3000/@fs/C:/Users/subhc/Downloads/gfg-student-chapter-redesigned/node_modules/.vite/deps/chunk-IKHJ3LZN.js?v=ebf17c44:959:16)\n    at TeamSection (http://localhost:3000/src/components/TeamSection.tsx?t=1784886538235:11:47)\n    at Object.react_stack_bottom_frame (http://localhost:3000/@fs/C:/Users/subhc/Downloads/gfg-student-chapter-redesigned/node_modules/.vite/deps/react-dom_client.js?v=105ac7a2:18509:20)\n    at renderWithHooks (http://localhost:3000/@fs/C:/Users/subhc/Downloads/gfg-student-chapter-redesigned/node_modules/.vite/deps/react-dom_client.js?v=105ac7a2:5654:24)\n    at updateFunctionComponent (http://localhost:3000/@fs/C:/Users/subhc/Downloads/gfg-student-chapter-redesigned/node_modules/.vite/deps/react-dom_client.js?v=105ac7a2:7475:21)\n    at beginWork (http://localhost:3000/@fs/C:/Users/subhc/Downloads/gfg-student-chapter-redesigned/node_modules/.vite/deps/react-dom_client.js?v=105ac7a2:8525:20)\n    at runWithFiberInDEV (http://localhost:3000/@fs/C:/Users/subhc/Downloads/gfg-student-chapter-redesigned/node_modules/.vite/deps/react-dom_client.js?v=105ac7a2:997:72)\n    at performUnitOfWork (http://localhost:3000/@fs/C:/Users/subhc/Downloads/gfg-student-chapter-redesigned/node_modules/.vite/deps/react-dom_client.js?v=105ac7a2:12561:98)"}
[2026-07-24T09:49:23.080Z] {"timestamp":1784886563020,"level":"ERROR","args":["%o\n\n%s\n\n%s\n",{"type":"Error","message":"Cannot read properties of null (reading 'useState')","stack":"TypeError: Cannot read properties of null (reading 'useState')\n    at exports.useState (http://localhost:3000/@fs/C:/Users/subhc/Downloads/gfg-student-chapter-redesigned/node_modules/.vite/deps/chunk-IKHJ3LZN.js?v=ebf17c44:959:35)\n    at TeamSection (http://localhost:3000/src/components/TeamSection.tsx?t=1784886538235:11:47)\n    at Object.react_stack_bottom_frame (http://localhost:3000/@fs/C:/Users/subhc/Downloads/gfg-student-chapter-redesigned/node_modules/.vite/deps/react-dom_client.js?v=105ac7a2:18509:20)\n    at renderWithHooks (http://localhost:3000/@fs/C:/Users/subhc/Downloads/gfg-student-chapter-redesigned/node_modules/.vite/deps/react-dom_client.js?v=105ac7a2:5654:24)\n    at updateFunctionComponent (http://localhost:3000/@fs/C:/Users/subhc/Downloads/gfg-student-chapter-redesigned/node_modules/.vite/deps/react-dom_client.js?v=105ac7a2:7475:21)\n    at beginWork (http://localhost:3000/@fs/C:/Users/subhc/Downloads/gfg-student-chapter-redesigned/node_modules/.vite/deps/react-dom_client.js?v=105ac7a2:8525:20)\n    at runWithFiberInDEV (http://localhost:3000/@fs/C:/Users/subhc/Downloads/gfg-student-chapter-redesigned/node_modules/.vite/deps/react-dom_client.js?v=105ac7a2:997:72)\n    at performUnitOfWork (http://localhost:3000/@fs/C:/Users/subhc/Downloads/gfg-student-chapter-redesigned/node_modules/.vite/deps/react-dom_client.js?v=105ac7a2:12561:98)\n    at workLoopSync (http://localhost:3000/@fs/C:/Users/subhc/Downloads/gfg-student-chapter-redesigned/node_modules/.vite/deps/react-dom_client.js?v=105ac7a2:12424:43)\n    at renderRootSync (http://localhost:3000/@fs/C:/Users/subhc/Downloads/gfg-student-chapter-redesigned/node_modules/.vite/deps/react-dom_client.js?v=105ac7a2:12408:13)"},"The above error occurred in the <TeamSection> component.","React will try to recreate this component tree from scratch using the error boundary you provided, ErrorBoundary."],"stack":"Error\n    at console.<computed> [as error] (http://localhost:3000/__manus__/debug-collector.js:391:37)\n    at defaultOnCaughtError (http://localhost:3000/@fs/C:/Users/subhc/Downloads/gfg-student-chapter-redesigned/node_modules/.vite/deps/react-dom_client.js?v=105ac7a2:7001:19)\n    at logCaughtError (http://localhost:3000/@fs/C:/Users/subhc/Downloads/gfg-student-chapter-redesigned/node_modules/.vite/deps/react-dom_client.js?v=105ac7a2:7033:11)\n    at runWithFiberInDEV (http://localhost:3000/@fs/C:/Users/subhc/Downloads/gfg-student-chapter-redesigned/node_modules/.vite/deps/react-dom_client.js?v=105ac7a2:997:72)\n    at update.callback (http://localhost:3000/@fs/C:/Users/subhc/Downloads/gfg-student-chapter-redesigned/node_modules/.vite/deps/react-dom_client.js?v=105ac7a2:7066:13)\n    at callCallback (http://localhost:3000/@fs/C:/Users/subhc/Downloads/gfg-student-chapter-redesigned/node_modules/.vite/deps/react-dom_client.js?v=105ac7a2:5491:18)\n    at commitCallbacks (http://localhost:3000/@fs/C:/Users/subhc/Downloads/gfg-student-chapter-redesigned/node_modules/.vite/deps/react-dom_client.js?v=105ac7a2:5503:13)\n    at runWithFiberInDEV (http://localhost:3000/@fs/C:/Users/subhc/Downloads/gfg-student-chapter-redesigned/node_modules/.vite/deps/react-dom_client.js?v=105ac7a2:997:72)\n    at commitClassCallbacks (http://localhost:3000/@fs/C:/Users/subhc/Downloads/gfg-student-chapter-redesigned/node_modules/.vite/deps/react-dom_client.js?v=105ac7a2:9490:13)\n    at commitLayoutEffectOnFiber (http://localhost:3000/@fs/C:/Users/subhc/Downloads/gfg-student-chapter-redesigned/node_modules/.vite/deps/react-dom_client.js?v=105ac7a2:9958:27)"}
[2026-07-24T09:49:24.673Z] {"timestamp":1784886562648,"level":"DEBUG","args":["[Manus] Debug collector initialized (no rrweb, UI events only)"],"stack":null}
[2026-07-24T09:49:24.673Z] {"timestamp":1784886562765,"level":"DEBUG","args":["[vite] connected."],"stack":null}
[2026-07-24T09:49:24.673Z] {"timestamp":1784886563150,"level":"INFO","args":["%cDownload the React DevTools for a better development experience: https://react.dev/link/react-devtools","font-weight:bold"],"stack":null}
[2026-07-24T09:49:25.827Z] {"timestamp":1784886563262,"level":"DEBUG","args":["[Manus] Debug collector initialized (no rrweb, UI events only)"],"stack":null}
[2026-07-24T09:49:25.827Z] {"timestamp":1784886563267,"level":"DEBUG","args":["[vite] connected."],"stack":null}
[2026-07-24T09:49:25.827Z] {"timestamp":1784886563576,"level":"INFO","args":["%cDownload the React DevTools for a better development experience: https://react.dev/link/react-devtools","font-weight:bold"],"stack":null}
[2026-07-24T09:54:28.677Z] {"timestamp":1784886868538,"level":"DEBUG","args":["[vite]","hot updated: /src/index.css"],"stack":null}
[2026-07-24T09:54:28.677Z] {"timestamp":1784886868538,"level":"DEBUG","args":["[vite]","hot updated: /src/components/TeamSection.tsx"],"stack":null}
[2026-07-24T09:55:26.819Z] {"timestamp":1784886868552,"level":"DEBUG","args":["[vite]","hot updated: /src/index.css"],"stack":null}
[2026-07-24T09:55:26.819Z] {"timestamp":1784886868554,"level":"DEBUG","args":["[vite]","hot updated: /src/components/TeamSection.tsx"],"stack":null}
[2026-07-24T10:16:58.665Z] {"timestamp":1784888218465,"level":"DEBUG","args":["[vite]","hot updated: /src/index.css"],"stack":null}
[2026-07-24T10:16:58.665Z] {"timestamp":1784888218466,"level":"DEBUG","args":["[vite]","hot updated: /src/components/TeamSection.tsx"],"stack":null}
[2026-07-24T10:17:26.827Z] {"timestamp":1784888218429,"level":"DEBUG","args":["[vite]","hot updated: /src/index.css"],"stack":null}
[2026-07-24T10:17:26.827Z] {"timestamp":1784888218429,"level":"DEBUG","args":["[vite]","hot updated: /src/components/TeamSection.tsx"],"stack":null}
[2026-07-24T10:18:10.663Z] {"timestamp":1784888288815,"level":"DEBUG","args":["[vite]","hot updated: /src/index.css"],"stack":null}
[2026-07-24T10:18:10.663Z] {"timestamp":1784888288816,"level":"DEBUG","args":["[vite]","hot updated: /src/components/TeamSection.tsx"],"stack":null}
[2026-07-24T10:18:12.653Z] {"timestamp":1784888291901,"level":"DEBUG","args":["[vite]","hot updated: /src/index.css"],"stack":null}
[2026-07-24T10:18:12.653Z] {"timestamp":1784888291901,"level":"DEBUG","args":["[vite]","hot updated: /src/components/TeamSection.tsx"],"stack":null}
[2026-07-24T10:18:26.818Z] {"timestamp":1784888288765,"level":"DEBUG","args":["[vite]","hot updated: /src/index.css"],"stack":null}
[2026-07-24T10:18:26.818Z] {"timestamp":1784888288766,"level":"DEBUG","args":["[vite]","hot updated: /src/components/TeamSection.tsx"],"stack":null}
[2026-07-24T10:18:26.818Z] {"timestamp":1784888291860,"level":"DEBUG","args":["[vite]","hot updated: /src/index.css"],"stack":null}
[2026-07-24T10:18:26.818Z] {"timestamp":1784888291861,"level":"DEBUG","args":["[vite]","hot updated: /src/components/TeamSection.tsx"],"stack":null}
[2026-07-24T10:19:38.652Z] {"timestamp":1784888378077,"level":"DEBUG","args":["[vite]","hot updated: /src/index.css"],"stack":null}
[2026-07-24T10:19:38.652Z] {"timestamp":1784888378078,"level":"DEBUG","args":["[vite]","hot updated: /src/components/TeamSection.tsx"],"stack":null}
[2026-07-24T10:20:26.826Z] {"timestamp":1784888378006,"level":"DEBUG","args":["[vite]","hot updated: /src/index.css"],"stack":null}
[2026-07-24T10:20:26.826Z] {"timestamp":1784888378007,"level":"DEBUG","args":["[vite]","hot updated: /src/components/TeamSection.tsx"],"stack":null}
[2026-07-24T10:44:08.660Z] {"timestamp":1784889847458,"level":"DEBUG","args":["[vite]","hot updated: /src/index.css"],"stack":null}
[2026-07-24T10:44:08.660Z] {"timestamp":1784889847459,"level":"DEBUG","args":["[vite]","hot updated: /src/components/StatisticsSection.tsx"],"stack":null}
[2026-07-24T10:44:08.660Z] {"timestamp":1784889847459,"level":"DEBUG","args":["[vite]","hot updated: /src/components/FacultyCoordinatorSection.tsx"],"stack":null}
[2026-07-24T10:44:08.660Z] {"timestamp":1784889847460,"level":"DEBUG","args":["[vite]","hot updated: /src/components/GallerySection.tsx"],"stack":null}
[2026-07-24T10:44:08.660Z] {"timestamp":1784889847461,"level":"DEBUG","args":["[vite]","hot updated: /src/components/FeaturesSection.tsx"],"stack":null}
[2026-07-24T10:44:08.660Z] {"timestamp":1784889847462,"level":"DEBUG","args":["[vite]","hot updated: /src/components/Header.tsx"],"stack":null}
[2026-07-24T10:44:08.660Z] {"timestamp":1784889847462,"level":"DEBUG","args":["[vite]","hot updated: /src/components/AboutSection.tsx"],"stack":null}
[2026-07-24T10:44:08.660Z] {"timestamp":1784889847463,"level":"DEBUG","args":["[vite]","hot updated: /src/components/ContactSection.tsx"],"stack":null}
[2026-07-24T10:44:08.660Z] {"timestamp":1784889847464,"level":"DEBUG","args":["[vite]","hot updated: /src/components/TestimonialsSection.tsx"],"stack":null}
[2026-07-24T10:44:08.660Z] {"timestamp":1784889847464,"level":"DEBUG","args":["[vite]","hot updated: /src/components/SponsorsSection.tsx"],"stack":null}
[2026-07-24T10:44:08.660Z] {"timestamp":1784889847465,"level":"DEBUG","args":["[vite]","hot updated: /src/components/PartnersSection.tsx"],"stack":null}
[2026-07-24T10:44:08.660Z] {"timestamp":1784889847466,"level":"DEBUG","args":["[vite]","hot updated: /src/components/EventsSection.tsx"],"stack":null}
[2026-07-24T10:44:08.660Z] {"timestamp":1784889847466,"level":"DEBUG","args":["[vite]","hot updated: /src/components/Footer.tsx"],"stack":null}
[2026-07-24T10:44:08.660Z] {"timestamp":1784889847467,"level":"DEBUG","args":["[vite]","hot updated: /src/components/FAQSection.tsx"],"stack":null}
[2026-07-24T10:44:08.660Z] {"timestamp":1784889847467,"level":"DEBUG","args":["[vite]","hot updated: /src/components/TeamSection.tsx"],"stack":null}
[2026-07-24T10:44:08.660Z] {"timestamp":1784889847468,"level":"DEBUG","args":["[vite]","hot updated: /src/components/AchievementsSection.tsx"],"stack":null}
[2026-07-24T10:44:08.660Z] {"timestamp":1784889847469,"level":"DEBUG","args":["[vite]","hot updated: /src/components/HeroSection.tsx"],"stack":null}
[2026-07-24T10:44:20.657Z] {"timestamp":1784889859671,"level":"DEBUG","args":["[vite]","hot updated: /src/index.css"],"stack":null}
[2026-07-24T10:44:20.657Z] {"timestamp":1784889859672,"level":"DEBUG","args":["[vite]","hot updated: /src/components/FeaturesSection.tsx"],"stack":null}
[2026-07-24T10:44:20.657Z] {"timestamp":1784889859672,"level":"DEBUG","args":["[vite]","hot updated: /src/components/AboutSection.tsx"],"stack":null}
[2026-07-24T10:44:20.657Z] {"timestamp":1784889859672,"level":"DEBUG","args":["[vite]","hot updated: /src/components/ContactSection.tsx"],"stack":null}
[2026-07-24T10:44:20.657Z] {"timestamp":1784889859672,"level":"DEBUG","args":["[vite]","hot updated: /src/components/Footer.tsx"],"stack":null}
[2026-07-24T10:44:26.827Z] {"timestamp":1784889847613,"level":"DEBUG","args":["[vite]","hot updated: /src/index.css"],"stack":null}
[2026-07-24T10:44:26.827Z] {"timestamp":1784889847614,"level":"DEBUG","args":["[vite]","hot updated: /src/components/StatisticsSection.tsx"],"stack":null}
[2026-07-24T10:44:26.827Z] {"timestamp":1784889847616,"level":"DEBUG","args":["[vite]","hot updated: /src/components/FacultyCoordinatorSection.tsx"],"stack":null}
[2026-07-24T10:44:26.827Z] {"timestamp":1784889847617,"level":"DEBUG","args":["[vite]","hot updated: /src/components/GallerySection.tsx"],"stack":null}
[2026-07-24T10:44:26.827Z] {"timestamp":1784889847618,"level":"DEBUG","args":["[vite]","hot updated: /src/components/FeaturesSection.tsx"],"stack":null}
[2026-07-24T10:44:26.827Z] {"timestamp":1784889847619,"level":"DEBUG","args":["[vite]","hot updated: /src/components/Header.tsx"],"stack":null}
[2026-07-24T10:44:26.827Z] {"timestamp":1784889847619,"level":"DEBUG","args":["[vite]","hot updated: /src/components/AboutSection.tsx"],"stack":null}
[2026-07-24T10:44:26.827Z] {"timestamp":1784889847620,"level":"DEBUG","args":["[vite]","hot updated: /src/components/ContactSection.tsx"],"stack":null}
[2026-07-24T10:44:26.827Z] {"timestamp":1784889847620,"level":"DEBUG","args":["[vite]","hot updated: /src/components/TestimonialsSection.tsx"],"stack":null}
[2026-07-24T10:44:26.827Z] {"timestamp":1784889847621,"level":"DEBUG","args":["[vite]","hot updated: /src/components/SponsorsSection.tsx"],"stack":null}
[2026-07-24T10:44:26.827Z] {"timestamp":1784889847621,"level":"DEBUG","args":["[vite]","hot updated: /src/components/PartnersSection.tsx"],"stack":null}
[2026-07-24T10:44:26.827Z] {"timestamp":1784889847622,"level":"DEBUG","args":["[vite]","hot updated: /src/components/EventsSection.tsx"],"stack":null}
[2026-07-24T10:44:26.827Z] {"timestamp":1784889847623,"level":"DEBUG","args":["[vite]","hot updated: /src/components/Footer.tsx"],"stack":null}
[2026-07-24T10:44:26.827Z] {"timestamp":1784889847623,"level":"DEBUG","args":["[vite]","hot updated: /src/components/FAQSection.tsx"],"stack":null}
[2026-07-24T10:44:26.827Z] {"timestamp":1784889847624,"level":"DEBUG","args":["[vite]","hot updated: /src/components/TeamSection.tsx"],"stack":null}
[2026-07-24T10:44:26.827Z] {"timestamp":1784889847624,"level":"DEBUG","args":["[vite]","hot updated: /src/components/AchievementsSection.tsx"],"stack":null}
[2026-07-24T10:44:26.827Z] {"timestamp":1784889847625,"level":"DEBUG","args":["[vite]","hot updated: /src/components/HeroSection.tsx"],"stack":null}
[2026-07-24T10:44:26.827Z] {"timestamp":1784889859674,"level":"DEBUG","args":["[vite]","hot updated: /src/index.css"],"stack":null}
[2026-07-24T10:44:26.827Z] {"timestamp":1784889859674,"level":"DEBUG","args":["[vite]","hot updated: /src/components/FeaturesSection.tsx"],"stack":null}
[2026-07-24T10:44:26.827Z] {"timestamp":1784889859675,"level":"DEBUG","args":["[vite]","hot updated: /src/components/AboutSection.tsx"],"stack":null}
[2026-07-24T10:44:26.827Z] {"timestamp":1784889859675,"level":"DEBUG","args":["[vite]","hot updated: /src/components/ContactSection.tsx"],"stack":null}
[2026-07-24T10:44:26.827Z] {"timestamp":1784889859676,"level":"DEBUG","args":["[vite]","hot updated: /src/components/Footer.tsx"],"stack":null}
[2026-07-24T10:44:30.652Z] {"timestamp":1784889870209,"level":"DEBUG","args":["[vite]","hot updated: /src/index.css"],"stack":null}
[2026-07-24T10:44:30.652Z] {"timestamp":1784889870209,"level":"DEBUG","args":["[vite]","hot updated: /src/components/HeroSection.tsx"],"stack":null}
[2026-07-24T10:44:38.653Z] {"timestamp":1784889878496,"level":"DEBUG","args":["[vite]","hot updated: /src/index.css"],"stack":null}
[2026-07-24T10:44:38.653Z] {"timestamp":1784889878497,"level":"DEBUG","args":["[vite]","hot updated: /src/components/EventsSection.tsx"],"stack":null}
[2026-07-24T10:44:48.663Z] {"timestamp":1784889886839,"level":"DEBUG","args":["[vite]","hot updated: /src/index.css"],"stack":null}
[2026-07-24T10:44:48.664Z] {"timestamp":1784889886839,"level":"DEBUG","args":["[vite]","hot updated: /src/components/ContactSection.tsx"],"stack":null}
[2026-07-24T10:44:52.674Z] {"timestamp":1784889892298,"level":"DEBUG","args":["[vite]","hot updated: /src/index.css"],"stack":null}
[2026-07-24T10:44:52.674Z] {"timestamp":1784889892298,"level":"DEBUG","args":["[vite]","hot updated: /src/components/Footer.tsx"],"stack":null}
[2026-07-24T10:45:26.821Z] {"timestamp":1784889870153,"level":"DEBUG","args":["[vite]","hot updated: /src/index.css"],"stack":null}
[2026-07-24T10:45:26.821Z] {"timestamp":1784889870154,"level":"DEBUG","args":["[vite]","hot updated: /src/components/HeroSection.tsx"],"stack":null}
[2026-07-24T10:45:26.821Z] {"timestamp":1784889878472,"level":"DEBUG","args":["[vite]","hot updated: /src/index.css"],"stack":null}
[2026-07-24T10:45:26.821Z] {"timestamp":1784889878473,"level":"DEBUG","args":["[vite]","hot updated: /src/components/EventsSection.tsx"],"stack":null}
[2026-07-24T10:45:26.821Z] {"timestamp":1784889886818,"level":"DEBUG","args":["[vite]","hot updated: /src/index.css"],"stack":null}
[2026-07-24T10:45:26.821Z] {"timestamp":1784889886818,"level":"DEBUG","args":["[vite]","hot updated: /src/components/ContactSection.tsx"],"stack":null}
[2026-07-24T10:45:26.821Z] {"timestamp":1784889892199,"level":"DEBUG","args":["[vite]","hot updated: /src/index.css"],"stack":null}
[2026-07-24T10:45:26.821Z] {"timestamp":1784889892202,"level":"DEBUG","args":["[vite]","hot updated: /src/components/Footer.tsx"],"stack":null}
[2026-07-24T10:48:19.734Z] {"timestamp":1784890097725,"level":"DEBUG","args":["[Manus] Debug collector initialized (no rrweb, UI events only)"],"stack":null}
[2026-07-24T10:48:19.734Z] {"timestamp":1784890097747,"level":"DEBUG","args":["[vite] connected."],"stack":null}
[2026-07-24T10:48:19.734Z] {"timestamp":1784890097879,"level":"INFO","args":["%cDownload the React DevTools for a better development experience: https://react.dev/link/react-devtools","font-weight:bold"],"stack":null}
[2026-07-24T10:48:27.876Z] {"timestamp":1784890105870,"level":"DEBUG","args":["[Manus] Debug collector initialized (no rrweb, UI events only)"],"stack":null}
[2026-07-24T10:48:27.876Z] {"timestamp":1784890105876,"level":"DEBUG","args":["[vite] connected."],"stack":null}
[2026-07-24T10:48:27.876Z] {"timestamp":1784890105945,"level":"INFO","args":["%cDownload the React DevTools for a better development experience: https://react.dev/link/react-devtools","font-weight:bold"],"stack":null}
[2026-07-24T10:54:58.072Z] {"timestamp":1784890496051,"level":"DEBUG","args":["[Manus] Debug collector initialized (no rrweb, UI events only)"],"stack":null}
[2026-07-24T10:54:58.072Z] {"timestamp":1784890496058,"level":"DEBUG","args":["[vite] connected."],"stack":null}
[2026-07-24T10:54:58.072Z] {"timestamp":1784890496387,"level":"INFO","args":["%cDownload the React DevTools for a better development experience: https://react.dev/link/react-devtools","font-weight:bold"],"stack":null}
[2026-08-05T16:12:52.940Z] {"timestamp":1785946367062,"level":"DEBUG","args":["[Manus] Debug collector initialized (no rrweb, UI events only)"],"stack":null}
[2026-08-05T16:12:52.940Z] {"timestamp":1785946367091,"level":"DEBUG","args":["[vite] connected."],"stack":null}
[2026-08-05T16:12:54.952Z] {"timestamp":1785946373335,"level":"INFO","args":["%cDownload the React DevTools for a better development experience: https://react.dev/link/react-devtools","font-weight:bold"],"stack":null}
[2026-08-05T16:12:55.045Z] {"timestamp":1785946373030,"level":"DEBUG","args":["[Manus] Debug collector initialized (no rrweb, UI events only)"],"stack":null}
[2026-08-05T16:12:55.045Z] {"timestamp":1785946373038,"level":"DEBUG","args":["[vite] connected."],"stack":null}
[2026-08-05T16:12:55.045Z] {"timestamp":1785946373333,"level":"INFO","args":["%cDownload the React DevTools for a better development experience: https://react.dev/link/react-devtools","font-weight:bold"],"stack":null}
[2026-08-06T06:01:10.054Z] {"timestamp":1785996068039,"level":"DEBUG","args":["[Manus] Debug collector initialized (no rrweb, UI events only)"],"stack":null}
[2026-08-06T06:01:10.054Z] {"timestamp":1785996068050,"level":"DEBUG","args":["[vite] connected."],"stack":null}
[2026-08-06T06:01:10.054Z] {"timestamp":1785996068951,"level":"INFO","args":["%cDownload the React DevTools for a better development experience: https://react.dev/link/react-devtools","font-weight:bold"],"stack":null}
[2026-08-06T06:03:44.396Z] {"timestamp":1785996224072,"level":"DEBUG","args":["[vite]","hot updated: /src/index.css"],"stack":null}
[2026-08-06T06:03:44.396Z] {"timestamp":1785996224073,"level":"DEBUG","args":["[vite]","hot updated: /src/components/Header.tsx"],"stack":null}
[2026-08-06T06:04:30.045Z] {"timestamp":1785996268687,"level":"DEBUG","args":["[vite]","hot updated: /src/index.css"],"stack":null}
[2026-08-06T06:04:30.045Z] {"timestamp":1785996268687,"level":"DEBUG","args":["[vite]","hot updated: /src/components/Header.tsx"],"stack":null}
[2026-08-06T06:07:02.802Z] {"timestamp":1785996422573,"level":"DEBUG","args":["[vite]","hot updated: /src/index.css"],"stack":null}
[2026-08-06T06:07:02.802Z] {"timestamp":1785996422574,"level":"DEBUG","args":["[vite]","hot updated: /src/components/Header.tsx"],"stack":null}
[2026-08-06T06:08:44.090Z] {"timestamp":1785996520598,"level":"LOG","args":["[vite] server connection lost. Polling for restart..."],"stack":null}
[2026-08-06T06:08:47.050Z] {"timestamp":1785996525035,"level":"DEBUG","args":["[Manus] Debug collector initialized (no rrweb, UI events only)"],"stack":null}
[2026-08-06T06:08:47.050Z] {"timestamp":1785996525043,"level":"DEBUG","args":["[vite] connected."],"stack":null}
[2026-08-06T06:08:47.050Z] {"timestamp":1785996525651,"level":"INFO","args":["%cDownload the React DevTools for a better development experience: https://react.dev/link/react-devtools","font-weight:bold"],"stack":null}
[2026-08-06T06:08:53.047Z] {"timestamp":1785996531317,"level":"DEBUG","args":["[vite]","hot updated: /src/index.css"],"stack":null}
[2026-08-06T06:08:53.047Z] {"timestamp":1785996531318,"level":"DEBUG","args":["[vite]","hot updated: /src/components/Header.tsx"],"stack":null}
[2026-08-06T06:16:21.665Z] {"timestamp":1785996980656,"level":"DEBUG","args":["[vite]","hot updated: /src/index.css"],"stack":null}
[2026-08-06T06:16:21.665Z] {"timestamp":1785996980660,"level":"DEBUG","args":["[vite]","hot updated: /src/components/Header.tsx"],"stack":null}
[2026-08-06T06:16:21.665Z] {"timestamp":1785996980918,"level":"DEBUG","args":["[vite]","hot updated: /src/index.css"],"stack":null}
[2026-08-06T06:16:21.665Z] {"timestamp":1785996980919,"level":"DEBUG","args":["[vite]","hot updated: /src/components/HeroSection.tsx"],"stack":null}
[2026-08-06T06:16:35.753Z] {"timestamp":1785996995097,"level":"DEBUG","args":["[vite]","hot updated: /src/App.tsx"],"stack":null}
[2026-08-06T06:16:35.753Z] {"timestamp":1785996995097,"level":"DEBUG","args":["[vite]","hot updated: /src/index.css"],"stack":null}
[2026-08-06T06:16:35.753Z] {"timestamp":1785996995170,"level":"DEBUG","args":["[vite]","hot updated: /src/index.css"],"stack":null}
[2026-08-06T06:20:03.157Z] {"timestamp":1785997201140,"level":"DEBUG","args":["[Manus] Debug collector initialized (no rrweb, UI events only)"],"stack":null}
[2026-08-06T06:20:03.157Z] {"timestamp":1785997201142,"level":"DEBUG","args":["[vite] connected."],"stack":null}
[2026-08-06T06:20:03.157Z] {"timestamp":1785997201193,"level":"INFO","args":["%cDownload the React DevTools for a better development experience: https://react.dev/link/react-devtools","font-weight:bold"],"stack":null}
[2026-08-06T06:20:08.714Z] {"timestamp":1785997206697,"level":"DEBUG","args":["[Manus] Debug collector initialized (no rrweb, UI events only)"],"stack":null}
[2026-08-06T06:20:08.714Z] {"timestamp":1785997206702,"level":"DEBUG","args":["[vite] connected."],"stack":null}
[2026-08-06T06:20:08.714Z] {"timestamp":1785997206732,"level":"INFO","args":["%cDownload the React DevTools for a better development experience: https://react.dev/link/react-devtools","font-weight:bold"],"stack":null}
[2026-08-06T06:20:12.705Z] {"timestamp":1785997210777,"level":"DEBUG","args":["[vite]","hot updated: /src/index.css"],"stack":null}
[2026-08-06T06:20:12.705Z] {"timestamp":1785997210777,"level":"DEBUG","args":["[vite]","hot updated: /src/components/Header.tsx"],"stack":null}
[2026-08-06T06:20:12.705Z] {"timestamp":1785997210860,"level":"DEBUG","args":["[vite]","hot updated: /src/App.tsx"],"stack":null}
[2026-08-06T06:20:12.705Z] {"timestamp":1785997210860,"level":"DEBUG","args":["[vite]","hot updated: /src/index.css"],"stack":null}
[2026-08-06T06:20:12.705Z] {"timestamp":1785997210865,"level":"DEBUG","args":["[vite]","hot updated: /src/index.css"],"stack":null}
[2026-08-06T06:20:12.705Z] {"timestamp":1785997210865,"level":"DEBUG","args":["[vite]","hot updated: /src/pages/JoinChapter.tsx"],"stack":null}
[2026-08-06T06:20:12.705Z] {"timestamp":1785997210871,"level":"DEBUG","args":["[vite]","hot updated: /src/index.css"],"stack":null}
[2026-08-06T06:20:12.705Z] {"timestamp":1785997210871,"level":"DEBUG","args":["[vite]","hot updated: /src/components/HeroSection.tsx"],"stack":null}
[2026-08-06T06:22:35.829Z] {"timestamp":1785997353814,"level":"DEBUG","args":["[Manus] Debug collector initialized (no rrweb, UI events only)"],"stack":null}
[2026-08-06T06:22:35.829Z] {"timestamp":1785997353817,"level":"DEBUG","args":["[vite] connected."],"stack":null}
[2026-08-06T06:22:35.829Z] {"timestamp":1785997353874,"level":"INFO","args":["%cDownload the React DevTools for a better development experience: https://react.dev/link/react-devtools","font-weight:bold"],"stack":null}
[2026-08-06T06:23:22.397Z] {"timestamp":1785997400383,"level":"DEBUG","args":["[Manus] Debug collector initialized (no rrweb, UI events only)"],"stack":null}
[2026-08-06T06:23:22.397Z] {"timestamp":1785997400388,"level":"DEBUG","args":["[vite] connected."],"stack":null}
[2026-08-06T06:23:22.397Z] {"timestamp":1785997400463,"level":"INFO","args":["%cDownload the React DevTools for a better development experience: https://react.dev/link/react-devtools","font-weight:bold"],"stack":null}
[2026-08-06T06:24:36.810Z] {"timestamp":1785997474798,"level":"DEBUG","args":["[Manus] Debug collector initialized (no rrweb, UI events only)"],"stack":null}
[2026-08-06T06:24:36.810Z] {"timestamp":1785997474803,"level":"DEBUG","args":["[vite] connected."],"stack":null}
[2026-08-06T06:24:36.810Z] {"timestamp":1785997474840,"level":"INFO","args":["%cDownload the React DevTools for a better development experience: https://react.dev/link/react-devtools","font-weight:bold"],"stack":null}
[2026-08-06T06:25:48.205Z] {"timestamp":1785997546200,"level":"DEBUG","args":["[Manus] Debug collector initialized (no rrweb, UI events only)"],"stack":null}
[2026-08-06T06:25:48.205Z] {"timestamp":1785997546202,"level":"DEBUG","args":["[vite] connected."],"stack":null}
[2026-08-06T06:25:48.205Z] {"timestamp":1785997546256,"level":"INFO","args":["%cDownload the React DevTools for a better development experience: https://react.dev/link/react-devtools","font-weight:bold"],"stack":null}
[2026-08-06T06:27:37.053Z] {"timestamp":1785997657039,"level":"LOG","args":["[vite] server connection lost. Polling for restart..."],"stack":null}
[2026-08-06T06:27:39.801Z] {"timestamp":1785997657309,"level":"DEBUG","args":["[Manus] Debug collector initialized (no rrweb, UI events only)"],"stack":null}
[2026-08-06T06:27:39.801Z] {"timestamp":1785997657314,"level":"DEBUG","args":["[vite] connected."],"stack":null}
[2026-08-06T06:27:39.801Z] {"timestamp":1785997657502,"level":"INFO","args":["%cDownload the React DevTools for a better development experience: https://react.dev/link/react-devtools","font-weight:bold"],"stack":null}
[2026-08-06T06:27:50.928Z] {"timestamp":1785997668976,"level":"LOG","args":["[vite] server connection lost. Polling for restart..."],"stack":null}
[2026-08-06T06:27:53.787Z] {"timestamp":1785997670970,"level":"DEBUG","args":["[Manus] Debug collector initialized (no rrweb, UI events only)"],"stack":null}
[2026-08-06T06:27:53.787Z] {"timestamp":1785997670972,"level":"DEBUG","args":["[vite] connected."],"stack":null}
[2026-08-06T06:27:53.787Z] {"timestamp":1785997671015,"level":"INFO","args":["%cDownload the React DevTools for a better development experience: https://react.dev/link/react-devtools","font-weight:bold"],"stack":null}
[2026-08-06T16:36:48.227Z] {"timestamp":1786034206211,"level":"DEBUG","args":["[Manus] Debug collector initialized (no rrweb, UI events only)"],"stack":null}
[2026-08-06T16:36:48.227Z] {"timestamp":1786034206230,"level":"DEBUG","args":["[vite] connected."],"stack":null}
[2026-08-06T16:36:48.227Z] {"timestamp":1786034207360,"level":"INFO","args":["%cDownload the React DevTools for a better development experience: https://react.dev/link/react-devtools","font-weight:bold"],"stack":null}
[2026-08-06T17:02:08.216Z] {"timestamp":1786035728199,"level":"DEBUG","args":["[vite]","hot updated: /src/index.css"],"stack":null}
[2026-08-06T17:02:08.216Z] {"timestamp":1786035728200,"level":"DEBUG","args":["[vite]","hot updated: /src/components/Header.tsx"],"stack":null}
[2026-08-06T17:02:08.216Z] {"timestamp":1786035728200,"level":"DEBUG","args":["[vite]","hot updated: /src/components/AchievementsSection.tsx"],"stack":null}
[2026-08-06T17:02:08.216Z] {"timestamp":1786035728200,"level":"DEBUG","args":["[vite]","hot updated: /src/components/FacultyCoordinatorSection.tsx"],"stack":null}
[2026-08-06T17:02:08.216Z] {"timestamp":1786035728200,"level":"DEBUG","args":["[vite]","hot updated: /src/components/TestimonialsSection.tsx"],"stack":null}
[2026-08-06T17:02:08.216Z] {"timestamp":1786035728200,"level":"DEBUG","args":["[vite]","hot updated: /src/components/EventsSection.tsx"],"stack":null}
[2026-08-06T17:02:08.216Z] {"timestamp":1786035728200,"level":"DEBUG","args":["[vite]","hot updated: /src/components/GallerySection.tsx"],"stack":null}
[2026-08-06T17:02:08.216Z] {"timestamp":1786035728200,"level":"DEBUG","args":["[vite]","hot updated: /src/components/FeaturesSection.tsx"],"stack":null}
[2026-08-06T17:02:08.216Z] {"timestamp":1786035728200,"level":"DEBUG","args":["[vite]","hot updated: /src/components/AboutSection.tsx"],"stack":null}
[2026-08-06T17:02:08.216Z] {"timestamp":1786035728201,"level":"DEBUG","args":["[vite]","hot updated: /src/components/FAQSection.tsx"],"stack":null}
[2026-08-06T17:02:08.216Z] {"timestamp":1786035728201,"level":"DEBUG","args":["[vite]","hot updated: /src/components/Footer.tsx"],"stack":null}
[2026-08-06T17:02:08.216Z] {"timestamp":1786035728201,"level":"DEBUG","args":["[vite]","hot updated: /src/components/PartnersSection.tsx"],"stack":null}
[2026-08-06T17:02:08.216Z] {"timestamp":1786035728201,"level":"DEBUG","args":["[vite]","hot updated: /src/components/StatisticsSection.tsx"],"stack":null}
[2026-08-06T17:02:08.216Z] {"timestamp":1786035728201,"level":"DEBUG","args":["[vite]","hot updated: /src/components/SponsorsSection.tsx"],"stack":null}
[2026-08-06T17:02:08.216Z] {"timestamp":1786035728201,"level":"DEBUG","args":["[vite]","hot updated: /src/components/TeamSection.tsx"],"stack":null}
[2026-08-06T17:02:08.216Z] {"timestamp":1786035728201,"level":"DEBUG","args":["[vite]","hot updated: /src/components/HeroSection.tsx"],"stack":null}
[2026-08-06T17:02:08.216Z] {"timestamp":1786035728201,"level":"DEBUG","args":["[vite]","hot updated: /src/components/ContactSection.tsx"],"stack":null}
[2026-08-06T17:02:08.216Z] {"timestamp":1786035728212,"level":"DEBUG","args":["[vite]","hot updated: /src/index.css"],"stack":null}
[2026-08-06T17:02:08.216Z] {"timestamp":1786035728212,"level":"DEBUG","args":["[vite]","hot updated: /src/components/Header.tsx"],"stack":null}
[2026-08-06T17:02:10.215Z] {"timestamp":1786035728224,"level":"DEBUG","args":["[vite]","hot updated: /src/index.css"],"stack":null}
[2026-08-06T17:02:10.215Z] {"timestamp":1786035728224,"level":"DEBUG","args":["[vite]","hot updated: /src/components/HeroSection.tsx"],"stack":null}
[2026-08-06T17:02:10.215Z] {"timestamp":1786035728232,"level":"DEBUG","args":["[vite]","hot updated: /src/index.css"],"stack":null}
[2026-08-06T17:02:10.215Z] {"timestamp":1786035728233,"level":"DEBUG","args":["[vite]","hot updated: /src/components/Footer.tsx"],"stack":null}
[2026-08-06T17:04:46.220Z] {"timestamp":1786035884688,"level":"DEBUG","args":["[vite]","hot updated: /src/index.css"],"stack":null}
[2026-08-06T17:04:46.220Z] {"timestamp":1786035884688,"level":"DEBUG","args":["[vite]","hot updated: /src/components/Header.tsx"],"stack":null}
[2026-08-06T17:04:46.220Z] {"timestamp":1786035884746,"level":"DEBUG","args":["[vite]","hot updated: /src/index.css"],"stack":null}
[2026-08-06T17:04:46.220Z] {"timestamp":1786035884747,"level":"DEBUG","args":["[vite]","hot updated: /src/components/HeroSection.tsx"],"stack":null}
[2026-08-06T17:04:46.220Z] {"timestamp":1786035884784,"level":"DEBUG","args":["[vite]","hot updated: /src/index.css"],"stack":null}
[2026-08-06T17:04:46.220Z] {"timestamp":1786035884784,"level":"DEBUG","args":["[vite]","hot updated: /src/components/Footer.tsx"],"stack":null}
[2026-08-06T17:04:46.220Z] {"timestamp":1786035884794,"level":"DEBUG","args":["[vite]","hot updated: /src/index.css"],"stack":null}
[2026-08-06T17:04:46.220Z] {"timestamp":1786035884795,"level":"DEBUG","args":["[vite]","hot updated: /src/components/Header.tsx"],"stack":null}
[2026-08-06T17:04:46.220Z] {"timestamp":1786035884844,"level":"DEBUG","args":["[vite]","hot updated: /src/index.css"],"stack":null}
[2026-08-06T17:04:46.220Z] {"timestamp":1786035884844,"level":"DEBUG","args":["[vite]","hot updated: /src/components/Header.tsx"],"stack":null}
[2026-08-06T17:04:46.220Z] {"timestamp":1786035884844,"level":"DEBUG","args":["[vite]","hot updated: /src/components/AchievementsSection.tsx"],"stack":null}
[2026-08-06T17:04:46.220Z] {"timestamp":1786035884844,"level":"DEBUG","args":["[vite]","hot updated: /src/components/FacultyCoordinatorSection.tsx"],"stack":null}
[2026-08-06T17:04:46.220Z] {"timestamp":1786035884845,"level":"DEBUG","args":["[vite]","hot updated: /src/components/TestimonialsSection.tsx"],"stack":null}
[2026-08-06T17:04:46.220Z] {"timestamp":1786035884845,"level":"DEBUG","args":["[vite]","hot updated: /src/components/EventsSection.tsx"],"stack":null}
[2026-08-06T17:04:46.220Z] {"timestamp":1786035884845,"level":"DEBUG","args":["[vite]","hot updated: /src/components/GallerySection.tsx"],"stack":null}
[2026-08-06T17:04:46.220Z] {"timestamp":1786035884845,"level":"DEBUG","args":["[vite]","hot updated: /src/components/FeaturesSection.tsx"],"stack":null}
[2026-08-06T17:04:46.220Z] {"timestamp":1786035884845,"level":"DEBUG","args":["[vite]","hot updated: /src/components/AboutSection.tsx"],"stack":null}
[2026-08-06T17:04:46.220Z] {"timestamp":1786035884845,"level":"DEBUG","args":["[vite]","hot updated: /src/components/FAQSection.tsx"],"stack":null}
[2026-08-06T17:04:46.220Z] {"timestamp":1786035884845,"level":"DEBUG","args":["[vite]","hot updated: /src/components/Footer.tsx"],"stack":null}
[2026-08-06T17:04:46.220Z] {"timestamp":1786035884846,"level":"DEBUG","args":["[vite]","hot updated: /src/components/PartnersSection.tsx"],"stack":null}
[2026-08-06T17:04:46.220Z] {"timestamp":1786035884846,"level":"DEBUG","args":["[vite]","hot updated: /src/components/StatisticsSection.tsx"],"stack":null}
[2026-08-06T17:04:46.220Z] {"timestamp":1786035884846,"level":"DEBUG","args":["[vite]","hot updated: /src/components/SponsorsSection.tsx"],"stack":null}
[2026-08-06T17:04:46.220Z] {"timestamp":1786035884846,"level":"DEBUG","args":["[vite]","hot updated: /src/components/TeamSection.tsx"],"stack":null}
[2026-08-06T17:04:46.220Z] {"timestamp":1786035884846,"level":"DEBUG","args":["[vite]","hot updated: /src/components/HeroSection.tsx"],"stack":null}
[2026-08-06T17:04:46.220Z] {"timestamp":1786035884847,"level":"DEBUG","args":["[vite]","hot updated: /src/components/ContactSection.tsx"],"stack":null}
[2026-08-06T17:05:12.226Z] {"timestamp":1786035911050,"level":"DEBUG","args":["[vite]","hot updated: /src/index.css"],"stack":null}
[2026-08-06T17:05:12.226Z] {"timestamp":1786035911051,"level":"DEBUG","args":["[vite]","hot updated: /src/components/EventsSection.tsx"],"stack":null}
[2026-08-06T17:05:12.226Z] {"timestamp":1786035911129,"level":"DEBUG","args":["[vite]","hot updated: /src/index.css"],"stack":null}
[2026-08-06T17:05:12.226Z] {"timestamp":1786035911129,"level":"DEBUG","args":["[vite]","hot updated: /src/components/TeamSection.tsx"],"stack":null}
[2026-08-06T17:05:12.226Z] {"timestamp":1786035911175,"level":"DEBUG","args":["[vite]","hot updated: /src/index.css"],"stack":null}
[2026-08-06T17:05:12.226Z] {"timestamp":1786035911175,"level":"DEBUG","args":["[vite]","hot updated: /src/components/TestimonialsSection.tsx"],"stack":null}
[2026-08-06T17:05:12.226Z] {"timestamp":1786035911218,"level":"DEBUG","args":["[vite]","hot updated: /src/index.css"],"stack":null}
[2026-08-06T17:05:12.226Z] {"timestamp":1786035911219,"level":"DEBUG","args":["[vite]","hot updated: /src/components/Header.tsx"],"stack":null}
[2026-08-06T17:05:12.226Z] {"timestamp":1786035911219,"level":"DEBUG","args":["[vite]","hot updated: /src/components/AchievementsSection.tsx"],"stack":null}
[2026-08-06T17:05:12.226Z] {"timestamp":1786035911219,"level":"DEBUG","args":["[vite]","hot updated: /src/components/FacultyCoordinatorSection.tsx"],"stack":null}
[2026-08-06T17:05:12.226Z] {"timestamp":1786035911220,"level":"DEBUG","args":["[vite]","hot updated: /src/components/TestimonialsSection.tsx"],"stack":null}
[2026-08-06T17:05:12.226Z] {"timestamp":1786035911220,"level":"DEBUG","args":["[vite]","hot updated: /src/components/EventsSection.tsx"],"stack":null}
[2026-08-06T17:05:12.226Z] {"timestamp":1786035911220,"level":"DEBUG","args":["[vite]","hot updated: /src/components/GallerySection.tsx"],"stack":null}
[2026-08-06T17:05:12.226Z] {"timestamp":1786035911220,"level":"DEBUG","args":["[vite]","hot updated: /src/components/FeaturesSection.tsx"],"stack":null}
[2026-08-06T17:05:12.226Z] {"timestamp":1786035911220,"level":"DEBUG","args":["[vite]","hot updated: /src/components/AboutSection.tsx"],"stack":null}
[2026-08-06T17:05:12.226Z] {"timestamp":1786035911221,"level":"DEBUG","args":["[vite]","hot updated: /src/components/FAQSection.tsx"],"stack":null}
[2026-08-06T17:05:12.226Z] {"timestamp":1786035911221,"level":"DEBUG","args":["[vite]","hot updated: /src/components/Footer.tsx"],"stack":null}
[2026-08-06T17:05:12.226Z] {"timestamp":1786035911221,"level":"DEBUG","args":["[vite]","hot updated: /src/components/PartnersSection.tsx"],"stack":null}
[2026-08-06T17:05:12.226Z] {"timestamp":1786035911222,"level":"DEBUG","args":["[vite]","hot updated: /src/components/StatisticsSection.tsx"],"stack":null}
[2026-08-06T17:05:12.226Z] {"timestamp":1786035911222,"level":"DEBUG","args":["[vite]","hot updated: /src/components/SponsorsSection.tsx"],"stack":null}
[2026-08-06T17:05:12.226Z] {"timestamp":1786035911222,"level":"DEBUG","args":["[vite]","hot updated: /src/components/TeamSection.tsx"],"stack":null}
[2026-08-06T17:05:12.226Z] {"timestamp":1786035911223,"level":"DEBUG","args":["[vite]","hot updated: /src/components/HeroSection.tsx"],"stack":null}
[2026-08-06T17:05:12.226Z] {"timestamp":1786035911223,"level":"DEBUG","args":["[vite]","hot updated: /src/components/ContactSection.tsx"],"stack":null}
[2026-08-06T17:05:12.226Z] {"timestamp":1786035911309,"level":"DEBUG","args":["[vite]","hot updated: /src/pages/Home.tsx"],"stack":null}
[2026-08-06T17:05:12.226Z] {"timestamp":1786035911310,"level":"DEBUG","args":["[vite]","hot updated: /src/index.css"],"stack":null}
[2026-08-06T17:05:32.241Z] {"timestamp":1786035932048,"level":"DEBUG","args":["[vite]","hot updated: /src/index.css"],"stack":null}
[2026-08-06T17:05:32.241Z] {"timestamp":1786035932048,"level":"DEBUG","args":["[vite]","hot updated: /src/components/Header.tsx"],"stack":null}
[2026-08-06T17:05:32.241Z] {"timestamp":1786035932048,"level":"DEBUG","args":["[vite]","hot updated: /src/components/AchievementsSection.tsx"],"stack":null}
[2026-08-06T17:05:32.241Z] {"timestamp":1786035932048,"level":"DEBUG","args":["[vite]","hot updated: /src/components/FacultyCoordinatorSection.tsx"],"stack":null}
[2026-08-06T17:05:32.241Z] {"timestamp":1786035932048,"level":"DEBUG","args":["[vite]","hot updated: /src/components/TestimonialsSection.tsx"],"stack":null}
[2026-08-06T17:05:32.242Z] {"timestamp":1786035932048,"level":"DEBUG","args":["[vite]","hot updated: /src/components/EventsSection.tsx"],"stack":null}
[2026-08-06T17:05:32.242Z] {"timestamp":1786035932048,"level":"DEBUG","args":["[vite]","hot updated: /src/components/GallerySection.tsx"],"stack":null}
[2026-08-06T17:05:32.242Z] {"timestamp":1786035932049,"level":"DEBUG","args":["[vite]","hot updated: /src/components/FeaturesSection.tsx"],"stack":null}
[2026-08-06T17:05:32.242Z] {"timestamp":1786035932049,"level":"DEBUG","args":["[vite]","hot updated: /src/components/AboutSection.tsx"],"stack":null}
[2026-08-06T17:05:32.242Z] {"timestamp":1786035932049,"level":"DEBUG","args":["[vite]","hot updated: /src/components/FAQSection.tsx"],"stack":null}
[2026-08-06T17:05:32.242Z] {"timestamp":1786035932049,"level":"DEBUG","args":["[vite]","hot updated: /src/components/Footer.tsx"],"stack":null}
[2026-08-06T17:05:32.242Z] {"timestamp":1786035932049,"level":"DEBUG","args":["[vite]","hot updated: /src/components/PartnersSection.tsx"],"stack":null}
[2026-08-06T17:05:32.242Z] {"timestamp":1786035932049,"level":"DEBUG","args":["[vite]","hot updated: /src/components/StatisticsSection.tsx"],"stack":null}
[2026-08-06T17:05:32.242Z] {"timestamp":1786035932049,"level":"DEBUG","args":["[vite]","hot updated: /src/components/SponsorsSection.tsx"],"stack":null}
[2026-08-06T17:05:32.242Z] {"timestamp":1786035932049,"level":"DEBUG","args":["[vite]","hot updated: /src/components/TeamSection.tsx"],"stack":null}
[2026-08-06T17:05:32.242Z] {"timestamp":1786035932049,"level":"DEBUG","args":["[vite]","hot updated: /src/components/HeroSection.tsx"],"stack":null}
[2026-08-06T17:05:32.242Z] {"timestamp":1786035932049,"level":"DEBUG","args":["[vite]","hot updated: /src/components/ContactSection.tsx"],"stack":null}
[2026-08-06T17:06:24.218Z] {"timestamp":1786035982604,"level":"DEBUG","args":["[vite]","hot updated: /src/index.css"],"stack":null}
[2026-08-06T17:06:24.218Z] {"timestamp":1786035982605,"level":"DEBUG","args":["[vite]","hot updated: /src/components/HeroSection.tsx"],"stack":null}
[2026-08-06T17:08:04.224Z] {"timestamp":1786036082454,"level":"DEBUG","args":["[vite]","hot updated: /src/index.css"],"stack":null}
[2026-08-06T17:08:04.224Z] {"timestamp":1786036082455,"level":"DEBUG","args":["[vite]","hot updated: /src/components/Header.tsx"],"stack":null}
[2026-08-06T17:08:04.224Z] {"timestamp":1786036082492,"level":"DEBUG","args":["[vite]","hot updated: /src/index.css"],"stack":null}
[2026-08-06T17:08:04.224Z] {"timestamp":1786036082492,"level":"DEBUG","args":["[vite]","hot updated: /src/components/HeroSection.tsx"],"stack":null}
[2026-08-06T17:09:46.219Z] {"timestamp":1786036184846,"level":"DEBUG","args":["[vite]","hot updated: /src/index.css"],"stack":null}
[2026-08-06T17:09:46.219Z] {"timestamp":1786036184846,"level":"DEBUG","args":["[vite]","hot updated: /src/components/Header.tsx"],"stack":null}
[2026-08-06T17:09:46.219Z] {"timestamp":1786036184931,"level":"DEBUG","args":["[vite]","hot updated: /src/index.css"],"stack":null}
[2026-08-06T17:09:46.220Z] {"timestamp":1786036184931,"level":"DEBUG","args":["[vite]","hot updated: /src/components/Header.tsx"],"stack":null}
[2026-08-06T17:16:22.796Z] {"timestamp":1786036582705,"level":"DEBUG","args":["[vite]","hot updated: /src/index.css"],"stack":null}
[2026-08-06T17:16:22.796Z] {"timestamp":1786036582705,"level":"DEBUG","args":["[vite]","hot updated: /src/components/Header.tsx"],"stack":null}
[2026-08-06T17:16:22.796Z] {"timestamp":1786036582782,"level":"DEBUG","args":["[vite]","hot updated: /src/index.css"],"stack":null}
[2026-08-06T17:16:22.796Z] {"timestamp":1786036582782,"level":"DEBUG","args":["[vite]","hot updated: /src/components/Header.tsx"],"stack":null}
[2026-08-06T17:17:04.225Z] {"timestamp":1786036622616,"level":"DEBUG","args":["[vite]","hot updated: /src/index.css"],"stack":null}
[2026-08-06T17:17:04.225Z] {"timestamp":1786036622617,"level":"DEBUG","args":["[vite]","hot updated: /src/components/Header.tsx"],"stack":null}
[2026-08-06T17:18:20.217Z] {"timestamp":1786036698601,"level":"DEBUG","args":["[vite]","hot updated: /src/index.css"],"stack":null}
[2026-08-06T17:18:20.217Z] {"timestamp":1786036698601,"level":"DEBUG","args":["[vite]","hot updated: /src/components/Header.tsx"],"stack":null}
[2026-08-06T17:18:20.217Z] {"timestamp":1786036698602,"level":"DEBUG","args":["[vite]","hot updated: /src/components/AchievementsSection.tsx"],"stack":null}
[2026-08-06T17:18:20.217Z] {"timestamp":1786036698602,"level":"DEBUG","args":["[vite]","hot updated: /src/components/FacultyCoordinatorSection.tsx"],"stack":null}
[2026-08-06T17:18:20.217Z] {"timestamp":1786036698602,"level":"DEBUG","args":["[vite]","hot updated: /src/components/TestimonialsSection.tsx"],"stack":null}
[2026-08-06T17:18:20.217Z] {"timestamp":1786036698602,"level":"DEBUG","args":["[vite]","hot updated: /src/components/EventsSection.tsx"],"stack":null}
[2026-08-06T17:18:20.217Z] {"timestamp":1786036698602,"level":"DEBUG","args":["[vite]","hot updated: /src/components/GallerySection.tsx"],"stack":null}
[2026-08-06T17:18:20.217Z] {"timestamp":1786036698602,"level":"DEBUG","args":["[vite]","hot updated: /src/components/FeaturesSection.tsx"],"stack":null}
[2026-08-06T17:18:20.217Z] {"timestamp":1786036698603,"level":"DEBUG","args":["[vite]","hot updated: /src/components/AboutSection.tsx"],"stack":null}
[2026-08-06T17:18:20.217Z] {"timestamp":1786036698603,"level":"DEBUG","args":["[vite]","hot updated: /src/components/FAQSection.tsx"],"stack":null}
[2026-08-06T17:18:20.217Z] {"timestamp":1786036698603,"level":"DEBUG","args":["[vite]","hot updated: /src/components/Footer.tsx"],"stack":null}
[2026-08-06T17:18:20.217Z] {"timestamp":1786036698603,"level":"DEBUG","args":["[vite]","hot updated: /src/components/PartnersSection.tsx"],"stack":null}
[2026-08-06T17:18:20.217Z] {"timestamp":1786036698603,"level":"DEBUG","args":["[vite]","hot updated: /src/components/StatisticsSection.tsx"],"stack":null}
[2026-08-06T17:18:20.217Z] {"timestamp":1786036698603,"level":"DEBUG","args":["[vite]","hot updated: /src/components/SponsorsSection.tsx"],"stack":null}
[2026-08-06T17:18:20.217Z] {"timestamp":1786036698603,"level":"DEBUG","args":["[vite]","hot updated: /src/components/TeamSection.tsx"],"stack":null}
[2026-08-06T17:18:20.217Z] {"timestamp":1786036698604,"level":"DEBUG","args":["[vite]","hot updated: /src/components/HeroSection.tsx"],"stack":null}
[2026-08-06T17:18:20.217Z] {"timestamp":1786036698604,"level":"DEBUG","args":["[vite]","hot updated: /src/components/ContactSection.tsx"],"stack":null}
[2026-08-06T17:18:20.217Z] {"timestamp":1786036698617,"level":"DEBUG","args":["[vite]","hot updated: /src/index.css"],"stack":null}
[2026-08-06T17:18:20.217Z] {"timestamp":1786036698618,"level":"DEBUG","args":["[vite]","hot updated: /src/components/Header.tsx"],"stack":null}
[2026-08-06T17:18:20.217Z] {"timestamp":1786036698754,"level":"DEBUG","args":["[vite]","hot updated: /src/index.css"],"stack":null}
[2026-08-06T17:18:20.217Z] {"timestamp":1786036698754,"level":"DEBUG","args":["[vite]","hot updated: /src/components/HeroSection.tsx"],"stack":null}
[2026-08-06T17:18:20.217Z] {"timestamp":1786036698818,"level":"DEBUG","args":["[vite]","hot updated: /src/index.css"],"stack":null}
[2026-08-06T17:18:20.217Z] {"timestamp":1786036698819,"level":"DEBUG","args":["[vite]","hot updated: /src/components/Footer.tsx"],"stack":null}
[2026-08-06T17:18:20.217Z] {"timestamp":1786036698896,"level":"DEBUG","args":["[vite]","hot updated: /src/index.css"],"stack":null}
[2026-08-06T17:18:20.217Z] {"timestamp":1786036698896,"level":"DEBUG","args":["[vite]","hot updated: /src/components/EventsSection.tsx"],"stack":null}
[2026-08-06T17:18:20.217Z] {"timestamp":1786036698960,"level":"DEBUG","args":["[vite]","hot updated: /src/index.css"],"stack":null}
[2026-08-06T17:18:20.217Z] {"timestamp":1786036698960,"level":"DEBUG","args":["[vite]","hot updated: /src/components/TeamSection.tsx"],"stack":null}
[2026-08-06T17:18:20.217Z] {"timestamp":1786036699041,"level":"DEBUG","args":["[vite]","hot updated: /src/pages/Home.tsx"],"stack":null}
[2026-08-06T17:18:20.217Z] {"timestamp":1786036699042,"level":"DEBUG","args":["[vite]","hot updated: /src/index.css"],"stack":null}
[2026-08-06T17:18:20.217Z] {"timestamp":1786036699134,"level":"DEBUG","args":["[vite]","hot updated: /src/index.css"],"stack":null}
[2026-08-06T17:18:20.217Z] {"timestamp":1786036699134,"level":"DEBUG","args":["[vite]","hot updated: /src/components/TestimonialsSection.tsx"],"stack":null}
[2026-08-06T17:36:51.741Z] {"timestamp":1786037782368,"level":"DEBUG","args":["[vite]","hot updated: /src/index.css"],"stack":null}
[2026-08-06T17:36:51.741Z] {"timestamp":1786037782374,"level":"DEBUG","args":["[vite]","hot updated: /src/components/Header.tsx"],"stack":null}
[2026-08-06T17:36:51.741Z] {"timestamp":1786037782377,"level":"DEBUG","args":["[vite]","hot updated: /src/components/AchievementsSection.tsx"],"stack":null}
[2026-08-06T17:36:51.741Z] {"timestamp":1786037782381,"level":"DEBUG","args":["[vite]","hot updated: /src/components/FacultyCoordinatorSection.tsx"],"stack":null}
[2026-08-06T17:36:51.741Z] {"timestamp":1786037782383,"level":"DEBUG","args":["[vite]","hot updated: /src/components/TestimonialsSection.tsx"],"stack":null}
[2026-08-06T17:36:51.741Z] {"timestamp":1786037782384,"level":"DEBUG","args":["[vite]","hot updated: /src/components/EventsSection.tsx"],"stack":null}
[2026-08-06T17:36:51.741Z] {"timestamp":1786037782384,"level":"DEBUG","args":["[vite]","hot updated: /src/components/GallerySection.tsx"],"stack":null}
[2026-08-06T17:36:51.741Z] {"timestamp":1786037782385,"level":"DEBUG","args":["[vite]","hot updated: /src/components/FeaturesSection.tsx"],"stack":null}
[2026-08-06T17:36:51.741Z] {"timestamp":1786037782386,"level":"DEBUG","args":["[vite]","hot updated: /src/components/AboutSection.tsx"],"stack":null}
[2026-08-06T17:36:51.741Z] {"timestamp":1786037782386,"level":"DEBUG","args":["[vite]","hot updated: /src/components/FAQSection.tsx"],"stack":null}
[2026-08-06T17:36:51.741Z] {"timestamp":1786037782387,"level":"DEBUG","args":["[vite]","hot updated: /src/components/Footer.tsx"],"stack":null}
[2026-08-06T17:36:51.741Z] {"timestamp":1786037782388,"level":"DEBUG","args":["[vite]","hot updated: /src/components/PartnersSection.tsx"],"stack":null}
[2026-08-06T17:36:51.741Z] {"timestamp":1786037782388,"level":"DEBUG","args":["[vite]","hot updated: /src/components/StatisticsSection.tsx"],"stack":null}
[2026-08-06T17:36:51.741Z] {"timestamp":1786037782389,"level":"DEBUG","args":["[vite]","hot updated: /src/components/SponsorsSection.tsx"],"stack":null}
[2026-08-06T17:36:51.741Z] {"timestamp":1786037782389,"level":"DEBUG","args":["[vite]","hot updated: /src/components/TeamSection.tsx"],"stack":null}
[2026-08-06T17:36:51.741Z] {"timestamp":1786037782390,"level":"DEBUG","args":["[vite]","hot updated: /src/components/HeroSection.tsx"],"stack":null}
[2026-08-06T17:36:51.741Z] {"timestamp":1786037782390,"level":"DEBUG","args":["[vite]","hot updated: /src/components/ContactSection.tsx"],"stack":null}
[2026-08-06T17:36:51.741Z] {"timestamp":1786037782457,"level":"DEBUG","args":["[vite]","hot updated: /src/index.css"],"stack":null}
[2026-08-06T17:36:51.741Z] {"timestamp":1786037782458,"level":"DEBUG","args":["[vite]","hot updated: /src/components/SponsorsSection.tsx"],"stack":null}
[2026-08-06T17:36:51.741Z] {"timestamp":1786037808173,"level":"DEBUG","args":["[vite]","hot updated: /src/index.css"],"stack":null}
[2026-08-06T17:36:51.741Z] {"timestamp":1786037808174,"level":"DEBUG","args":["[vite]","hot updated: /src/components/Header.tsx"],"stack":null}
[2026-08-06T17:36:51.741Z] {"timestamp":1786037808174,"level":"DEBUG","args":["[vite]","hot updated: /src/components/AchievementsSection.tsx"],"stack":null}
[2026-08-06T17:36:51.741Z] {"timestamp":1786037808175,"level":"DEBUG","args":["[vite]","hot updated: /src/components/FacultyCoordinatorSection.tsx"],"stack":null}
[2026-08-06T17:36:51.741Z] {"timestamp":1786037808175,"level":"DEBUG","args":["[vite]","hot updated: /src/components/TestimonialsSection.tsx"],"stack":null}
[2026-08-06T17:36:51.741Z] {"timestamp":1786037808175,"level":"DEBUG","args":["[vite]","hot updated: /src/components/EventsSection.tsx"],"stack":null}
[2026-08-06T17:36:51.741Z] {"timestamp":1786037808175,"level":"DEBUG","args":["[vite]","hot updated: /src/components/GallerySection.tsx"],"stack":null}
[2026-08-06T17:36:51.741Z] {"timestamp":1786037808175,"level":"DEBUG","args":["[vite]","hot updated: /src/components/FeaturesSection.tsx"],"stack":null}
[2026-08-06T17:36:51.741Z] {"timestamp":1786037808175,"level":"DEBUG","args":["[vite]","hot updated: /src/components/AboutSection.tsx"],"stack":null}
[2026-08-06T17:36:51.741Z] {"timestamp":1786037808176,"level":"DEBUG","args":["[vite]","hot updated: /src/components/FAQSection.tsx"],"stack":null}
[2026-08-06T17:36:51.741Z] {"timestamp":1786037808176,"level":"DEBUG","args":["[vite]","hot updated: /src/components/Footer.tsx"],"stack":null}
[2026-08-06T17:36:51.741Z] {"timestamp":1786037808176,"level":"DEBUG","args":["[vite]","hot updated: /src/components/PartnersSection.tsx"],"stack":null}
[2026-08-06T17:36:51.741Z] {"timestamp":1786037808176,"level":"DEBUG","args":["[vite]","hot updated: /src/components/StatisticsSection.tsx"],"stack":null}
[2026-08-06T17:36:51.741Z] {"timestamp":1786037808176,"level":"DEBUG","args":["[vite]","hot updated: /src/components/SponsorsSection.tsx"],"stack":null}
[2026-08-06T17:36:51.741Z] {"timestamp":1786037808176,"level":"DEBUG","args":["[vite]","hot updated: /src/components/TeamSection.tsx"],"stack":null}
[2026-08-06T17:36:51.741Z] {"timestamp":1786037808177,"level":"DEBUG","args":["[vite]","hot updated: /src/components/HeroSection.tsx"],"stack":null}
[2026-08-06T17:36:51.741Z] {"timestamp":1786037808177,"level":"DEBUG","args":["[vite]","hot updated: /src/components/ContactSection.tsx"],"stack":null}
[2026-08-06T17:37:16.214Z] {"timestamp":1786037834877,"level":"DEBUG","args":["[vite]","hot updated: /src/index.css"],"stack":null}
[2026-08-06T17:37:16.214Z] {"timestamp":1786037834878,"level":"DEBUG","args":["[vite]","hot updated: /src/components/Header.tsx"],"stack":null}
[2026-08-06T17:37:16.214Z] {"timestamp":1786037834878,"level":"DEBUG","args":["[vite]","hot updated: /src/components/AchievementsSection.tsx"],"stack":null}
[2026-08-06T17:37:16.214Z] {"timestamp":1786037834878,"level":"DEBUG","args":["[vite]","hot updated: /src/components/FacultyCoordinatorSection.tsx"],"stack":null}
[2026-08-06T17:37:16.214Z] {"timestamp":1786037834878,"level":"DEBUG","args":["[vite]","hot updated: /src/components/TestimonialsSection.tsx"],"stack":null}
[2026-08-06T17:37:16.214Z] {"timestamp":1786037834878,"level":"DEBUG","args":["[vite]","hot updated: /src/components/EventsSection.tsx"],"stack":null}
[2026-08-06T17:37:16.214Z] {"timestamp":1786037834878,"level":"DEBUG","args":["[vite]","hot updated: /src/components/GallerySection.tsx"],"stack":null}
[2026-08-06T17:37:16.214Z] {"timestamp":1786037834879,"level":"DEBUG","args":["[vite]","hot updated: /src/components/FeaturesSection.tsx"],"stack":null}
[2026-08-06T17:37:16.214Z] {"timestamp":1786037834879,"level":"DEBUG","args":["[vite]","hot updated: /src/components/AboutSection.tsx"],"stack":null}
[2026-08-06T17:37:16.214Z] {"timestamp":1786037834879,"level":"DEBUG","args":["[vite]","hot updated: /src/components/FAQSection.tsx"],"stack":null}
[2026-08-06T17:37:16.214Z] {"timestamp":1786037834879,"level":"DEBUG","args":["[vite]","hot updated: /src/components/Footer.tsx"],"stack":null}
[2026-08-06T17:37:16.214Z] {"timestamp":1786037834879,"level":"DEBUG","args":["[vite]","hot updated: /src/components/PartnersSection.tsx"],"stack":null}
[2026-08-06T17:37:16.214Z] {"timestamp":1786037834879,"level":"DEBUG","args":["[vite]","hot updated: /src/components/StatisticsSection.tsx"],"stack":null}
[2026-08-06T17:37:16.214Z] {"timestamp":1786037834879,"level":"DEBUG","args":["[vite]","hot updated: /src/components/SponsorsSection.tsx"],"stack":null}
[2026-08-06T17:37:16.214Z] {"timestamp":1786037834879,"level":"DEBUG","args":["[vite]","hot updated: /src/components/TeamSection.tsx"],"stack":null}
[2026-08-06T17:37:16.214Z] {"timestamp":1786037834879,"level":"DEBUG","args":["[vite]","hot updated: /src/components/HeroSection.tsx"],"stack":null}
[2026-08-06T17:37:16.214Z] {"timestamp":1786037834880,"level":"DEBUG","args":["[vite]","hot updated: /src/components/ContactSection.tsx"],"stack":null}
[2026-08-06T17:37:16.214Z] {"timestamp":1786037834985,"level":"DEBUG","args":["[vite]","hot updated: /src/index.css"],"stack":null}
[2026-08-06T17:37:16.214Z] {"timestamp":1786037834985,"level":"DEBUG","args":["[vite]","hot updated: /src/components/SponsorsSection.tsx"],"stack":null}
[2026-08-06T17:38:20.729Z] {"timestamp":1786037898714,"level":"DEBUG","args":["[Manus] Debug collector initialized (no rrweb, UI events only)"],"stack":null}
[2026-08-06T17:38:20.729Z] {"timestamp":1786037898720,"level":"DEBUG","args":["[vite] connected."],"stack":null}
[2026-08-06T17:38:20.729Z] {"timestamp":1786037899080,"level":"INFO","args":["%cDownload the React DevTools for a better development experience: https://react.dev/link/react-devtools","font-weight:bold"],"stack":null}
[2026-08-06T17:38:23.795Z] {"timestamp":1786037901785,"level":"DEBUG","args":["[Manus] Debug collector initialized (no rrweb, UI events only)"],"stack":null}
[2026-08-06T17:38:23.795Z] {"timestamp":1786037901794,"level":"DEBUG","args":["[vite] connected."],"stack":null}
[2026-08-06T17:38:23.795Z] {"timestamp":1786037901830,"level":"INFO","args":["%cDownload the React DevTools for a better development experience: https://react.dev/link/react-devtools","font-weight:bold"],"stack":null}
